checked desktop-768x576: 37 scenarios
checked desktop-768x768: 37 scenarios
checked desktop-1024x768: 37 scenarios
checked desktop-1280x720: 37 scenarios
checked desktop-1366x768: 37 scenarios
checked desktop-1440x900: 37 scenarios
checked desktop-1920x1080: 37 scenarios
checked desktop-2560x1440: 37 scenarios
checked desktop-3840x2160: 37 scenarios
checked desktop-1024x576: 37 scenarios
{
  "output": "/home/lkj/OpenPBL/openPBL/docs/audits/2026-09-25-prelaunch/evidence/final/layout/chromium/dpr1",
  "browser": "chromium",
  "browserVersion": "149.0.7827.55",
  "dpr": 1,
  "scenarios": 37,
  "devices": 10,
  "checks": 370,
  "failures": 0,
  "failedChecks": []
}
PASS student-player@desktop-split
PASS student-standalone-player@desktop-split
PASS teacher-classroom@desktop-split
PASS quick-preparation@desktop-split
PASS generate-redirect@desktop-split
PASS resources-empty@desktop-split
PASS preparation@desktop-split
PASS dashboard-popover@desktop-split
PASS code@desktop-split
PASS player@desktop-split
PASS student-player@desktop-laptop
PASS student-standalone-player@desktop-laptop
PASS teacher-classroom@desktop-laptop
PASS quick-preparation@desktop-laptop
PASS generate-redirect@desktop-laptop
PASS resources-empty@desktop-laptop
PASS preparation@desktop-laptop
PASS dashboard-popover@desktop-laptop
PASS code@desktop-laptop
PASS player@desktop-laptop
PASS student-player@desktop
PASS student-standalone-player@desktop
PASS teacher-classroom@desktop
PASS quick-preparation@desktop
PASS generate-redirect@desktop
PASS resources-empty@desktop
PASS preparation@desktop
PASS dashboard-popover@desktop
PASS code@desktop
PASS player@desktop
PASS student-player@desktop-4k
PASS student-standalone-player@desktop-4k
PASS teacher-classroom@desktop-4k
PASS quick-preparation@desktop-4k
PASS generate-redirect@desktop-4k
PASS resources-empty@desktop-4k
PASS preparation@desktop-4k
PASS dashboard-popover@desktop-4k
PASS code@desktop-4k
PASS player@desktop-4k
{"output":"/home/lkj/OpenPBL/openPBL/docs/audits/2026-09-25-prelaunch/evidence/final/teaching/chromium/dpr1","browser":"chromium","browserVersion":"149.0.7827.55","dpr":1,"checks":40,"failures":0,"failedChecks":[]}
checked desktop-768x576: 37 scenarios
checked desktop-1440x900: 37 scenarios
checked desktop-3840x2160: 37 scenarios
{
  "output": "/home/lkj/OpenPBL/openPBL/docs/audits/2026-09-25-prelaunch/evidence/final/layout/chromium/dpr2",
  "browser": "chromium",
  "browserVersion": "149.0.7827.55",
  "dpr": 2,
  "scenarios": 37,
  "devices": 3,
  "checks": 111,
  "failures": 0,
  "failedChecks": []
}
PASS student-player@desktop-split
PASS student-standalone-player@desktop-split
PASS teacher-classroom@desktop-split
PASS quick-preparation@desktop-split
PASS generate-redirect@desktop-split
PASS resources-empty@desktop-split
PASS preparation@desktop-split
PASS dashboard-popover@desktop-split
PASS code@desktop-split
PASS player@desktop-split
PASS student-player@desktop
PASS student-standalone-player@desktop
PASS teacher-classroom@desktop
PASS quick-preparation@desktop
PASS generate-redirect@desktop
PASS resources-empty@desktop
PASS preparation@desktop
PASS dashboard-popover@desktop
PASS code@desktop
PASS player@desktop
PASS student-player@desktop-4k
PASS student-standalone-player@desktop-4k
PASS teacher-classroom@desktop-4k
PASS quick-preparation@desktop-4k
PASS generate-redirect@desktop-4k
PASS resources-empty@desktop-4k
PASS preparation@desktop-4k
PASS dashboard-popover@desktop-4k
PASS code@desktop-4k
PASS player@desktop-4k
{"output":"/home/lkj/OpenPBL/openPBL/docs/audits/2026-09-25-prelaunch/evidence/final/teaching/chromium/dpr2","browser":"chromium","browserVersion":"149.0.7827.55","dpr":2,"checks":30,"failures":0,"failedChecks":[]}
checked desktop-768x576: 37 scenarios
checked desktop-768x768: 37 scenarios
checked desktop-1024x768: 37 scenarios
checked desktop-1280x720: 37 scenarios
checked desktop-1366x768: 37 scenarios
checked desktop-1440x900: 37 scenarios
checked desktop-1920x1080: 37 scenarios
checked desktop-2560x1440: 37 scenarios
checked desktop-3840x2160: 37 scenarios
checked desktop-1024x576: 37 scenarios
{
  "output": "/home/lkj/OpenPBL/openPBL/docs/audits/2026-09-25-prelaunch/evidence/final/layout/firefox/dpr1",
  "browser": "firefox",
  "browserVersion": "151.0",
  "dpr": 1,
  "scenarios": 37,
  "devices": 10,
  "checks": 370,
  "failures": 0,
  "failedChecks": []
}
PASS student-player@desktop-split
PASS student-standalone-player@desktop-split
PASS teacher-classroom@desktop-split
PASS quick-preparation@desktop-split
PASS generate-redirect@desktop-split
PASS resources-empty@desktop-split
PASS preparation@desktop-split
PASS dashboard-popover@desktop-split
PASS code@desktop-split
PASS player@desktop-split
PASS student-player@desktop-laptop
PASS student-standalone-player@desktop-laptop
PASS teacher-classroom@desktop-laptop
PASS quick-preparation@desktop-laptop
PASS generate-redirect@desktop-laptop
PASS resources-empty@desktop-laptop
PASS preparation@desktop-laptop
PASS dashboard-popover@desktop-laptop
PASS code@desktop-laptop
PASS player@desktop-laptop
PASS student-player@desktop
PASS student-standalone-player@desktop
PASS teacher-classroom@desktop
PASS quick-preparation@desktop
PASS generate-redirect@desktop
PASS resources-empty@desktop
PASS preparation@desktop
PASS dashboard-popover@desktop
PASS code@desktop
PASS player@desktop
PASS student-player@desktop-4k
PASS student-standalone-player@desktop-4k
PASS teacher-classroom@desktop-4k
PASS quick-preparation@desktop-4k
PASS generate-redirect@desktop-4k
PASS resources-empty@desktop-4k
PASS preparation@desktop-4k
PASS dashboard-popover@desktop-4k
PASS code@desktop-4k
PASS player@desktop-4k
{"output":"/home/lkj/OpenPBL/openPBL/docs/audits/2026-09-25-prelaunch/evidence/final/teaching/firefox/dpr1","browser":"firefox","browserVersion":"151.0","dpr":1,"checks":40,"failures":0,"failedChecks":[]}
checked desktop-768x576: 37 scenarios
checked desktop-1440x900: 37 scenarios
checked desktop-3840x2160: 37 scenarios
{
  "output": "/home/lkj/OpenPBL/openPBL/docs/audits/2026-09-25-prelaunch/evidence/final/layout/firefox/dpr2",
  "browser": "firefox",
  "browserVersion": "151.0",
  "dpr": 2,
  "scenarios": 37,
  "devices": 3,
  "checks": 111,
  "failures": 0,
  "failedChecks": []
}
PASS student-player@desktop-split
PASS student-standalone-player@desktop-split
PASS teacher-classroom@desktop-split
PASS quick-preparation@desktop-split
PASS generate-redirect@desktop-split
PASS resources-empty@desktop-split
PASS preparation@desktop-split
PASS dashboard-popover@desktop-split
PASS code@desktop-split
PASS player@desktop-split
PASS student-player@desktop
PASS student-standalone-player@desktop
PASS teacher-classroom@desktop
PASS quick-preparation@desktop
PASS generate-redirect@desktop
PASS resources-empty@desktop
PASS preparation@desktop
PASS dashboard-popover@desktop
PASS code@desktop
PASS player@desktop
PASS student-player@desktop-4k
PASS student-standalone-player@desktop-4k
PASS teacher-classroom@desktop-4k
PASS quick-preparation@desktop-4k
PASS generate-redirect@desktop-4k
PASS resources-empty@desktop-4k
PASS preparation@desktop-4k
PASS dashboard-popover@desktop-4k
PASS code@desktop-4k
PASS player@desktop-4k
{"output":"/home/lkj/OpenPBL/openPBL/docs/audits/2026-09-25-prelaunch/evidence/final/teaching/firefox/dpr2","browser":"firefox","browserVersion":"151.0","dpr":2,"checks":30,"failures":0,"failedChecks":[]}
checked desktop-768x576: 37 scenarios
browserContext.newPage: Target page, context or browser has been closed
Browser logs:

[pid=358][err] libEGL warning: egl: failed to create dri2 screen
[pid=358][err] Failed to create //.cache for shader cache (Permission denied)---disabling.
[pid=358][err] Fontconfig error: No writable cache directories
[pid=358][err] Fontconfig error: No writable cache directories
[pid=358][err] 
[pid=358][err] ** (MiniBrowser:364): CRITICAL **: 00:43:51.661: WebKitWebView is-controlled-by-automation set but automation is not allowed in the context, falling back to default session.
[pid=358][err] libEGL warning: failed to get driver name for fd -1
[pid=358][err] 
[pid=358][err] libEGL warning: MESA-LOADER: failed to retrieve device information
[pid=358][err] 
[pid=358][err] libEGL warning: failed to get driver name for fd -1
[pid=358][err] 
[pid=358][err] MESA: error: ZINK: vkCreateInstance failed (VK_ERROR_INCOMPATIBLE_DRIVER)
[pid=358][err] libEGL warning: egl: failed to create dri2 screen
[pid=358][err] Failed to create //.cache for shader cache (Permission denied)---disabling.
[pid=358][err] Fontconfig error: No writable cache directories
[pid=358][err] Fontconfig error: No writable cache directories
[pid=358][err] 
[pid=358][err] ** (MiniBrowser:364): CRITICAL **: 00:43:57.128: WebKitWebView is-controlled-by-automation set but automation is not allowed in the context, falling back to default session.
[pid=358][err] libEGL warning: failed to get driver name for fd -1
[pid=358][err] 
[pid=358][err] libEGL warning: MESA-LOADER: failed to retrieve device information
[pid=358][err] 
[pid=358][err] libEGL warning: failed to get driver name for fd -1
[pid=358][err] 
[pid=358][err] MESA: error: ZINK: vkCreateInstance failed (VK_ERROR_INCOMPATIBLE_DRIVER)
[pid=358][err] libEGL warning: egl: failed to create dri2 screen
[pid=358][err] Failed to create //.cache for shader cache (Permission denied)---disabling.
[pid=358][err] Fontconfig error: No writable cache directories
[pid=358][err] Fontconfig error: No writable cache directories
[pid=358][err] 
[pid=358][err] ** (MiniBrowser:364): CRITICAL **: 00:44:05.642: WebKitWebView is-controlled-by-automation set but automation is not allowed in the context, falling back to default session.
[pid=358][err] libEGL warning: failed to get driver name for fd -1
[pid=358][err] 
[pid=358][err] libEGL warning: MESA-LOADER: failed to retrieve device information
[pid=358][err] 
[pid=358][err] libEGL warning: failed to get driver name for fd -1
[pid=358][err] 
[pid=358][err] MESA: error: ZINK: vkCreateInstance failed (VK_ERROR_INCOMPATIBLE_DRIVER)
[pid=358][err] libEGL warning: egl: failed to create dri2 screen
[pid=358][err] Failed to create //.cache for shader cache (Permission denied)---disabling.
[pid=358][err] Fontconfig error: No writable cache directories
[pid=358][err] Fontconfig error: No writable cache directories
[pid=358][err] 
[pid=358][err] ** (MiniBrowser:364): CRITICAL **: 00:44:07.307: WebKitWebView is-controlled-by-automation set but automation is not allowed in the context, falling back to default session.
[pid=358][err] libEGL warning: failed to get driver name for fd -1
[pid=358][err] 
[pid=358][err] libEGL warning: MESA-LOADER: failed to retrieve device information
[pid=358][err] 
[pid=358][err] libEGL warning: failed to get driver name for fd -1
[pid=358][err] 
[pid=358][err] MESA: error: ZINK: vkCreateInstance failed (VK_ERROR_INCOMPATIBLE_DRIVER)
[pid=358][err] libEGL warning: egl: failed to create dri2 screen
[pid=358][err] Failed to create //.cache for shader cache (Permission denied)---disabling.
[pid=358][err] Fontconfig error: No writable cache directories
[pid=358][err] Fontconfig error: No writable cache directories
[pid=358][err] 
[pid=358][err] ** (MiniBrowser:364): CRITICAL **: 00:44:12.604: WebKitWebView is-controlled-by-automation set but automation is not allowed in the context, falling back to default session.
[pid=358][err] libEGL warning: failed to get driver name for fd -1
[pid=358][err] 
[pid=358][err] libEGL warning: MESA-LOADER: failed to retrieve device information
[pid=358][err] 
[pid=358][err] libEGL warning: failed to get driver name for fd -1
[pid=358][err] 
[pid=358][err] MESA: error: ZINK: vkCreateInstance failed (VK_ERROR_INCOMPATIBLE_DRIVER)
[pid=358][err] libEGL warning: egl: failed to create dri2 screen
[pid=358][err] Failed to create //.cache for shader cache (Permission denied)---disabling.
[pid=358][err] Fontconfig error: No writable cache directories
[pid=358][err] Fontconfig error: No writable cache directories
[pid=358][err] 
[pid=358][err] ** (MiniBrowser:364): CRITICAL **: 00:44:14.098: WebKitWebView is-controlled-by-automation set but automation is not allowed in the context, falling back to default session.
[pid=358][err] libEGL warning: failed to get driver name for fd -1
[pid=358][err] 
[pid=358][err] libEGL warning: MESA-LOADER: failed to retrieve device information
[pid=358][err] 
[pid=358][err] libEGL warning: failed to get driver name for fd -1
[pid=358][err] 
[pid=358][err] MESA: error: ZINK: vkCreateInstance failed (VK_ERROR_INCOMPATIBLE_DRIVER)
[pid=358][err] libEGL warning: egl: failed to create dri2 screen
[pid=358][err] Failed to create //.cache for shader cache (Permission denied)---disabling.
[pid=358][err] Fontconfig error: No writable cache directories
[pid=358][err] Fontconfig error: No writable cache directories
[pid=358][err] 
[pid=358][err] ** (MiniBrowser:364): CRITICAL **: 00:44:15.961: WebKitWebView is-controlled-by-automation set but automation is not allowed in the context, falling back to default session.
[pid=358][err] libEGL warning: failed to get driver name for fd -1
[pid=358][err] 
[pid=358][err] libEGL warning: MESA-LOADER: failed to retrieve device information
[pid=358][err] 
[pid=358][err] libEGL warning: failed to get driver name for fd -1
[pid=358][err] 
[pid=358][err] MESA: error: ZINK: vkCreateInstance failed (VK_ERROR_INCOMPATIBLE_DRIVER)
[pid=358][err] libEGL warning: egl: failed to create dri2 screen
[pid=358][err] Failed to create //.cache for shader cache (Permission denied)---disabling.
[pid=358][err] Fontconfig error: No writable cache directories
[pid=358][err] Fontconfig error: No writable cache directories
[pid=358][err] 
[pid=358][err] ** (MiniBrowser:364): CRITICAL **: 00:44:17.985: WebKitWebView is-controlled-by-automation set but automation is not allowed in the context, falling back to default session.
[pid=358][err] libEGL warning: failed to get driver name for fd -1
[pid=358][err] 
[pid=358][err] libEGL warning: MESA-LOADER: failed to retrieve device information
[pid=358][err] 
[pid=358][err] libEGL warning: failed to get driver name for fd -1
[pid=358][err] 
[pid=358][err] MESA: error: ZINK: vkCreateInstance failed (VK_ERROR_INCOMPATIBLE_DRIVER)
[pid=358][err] libEGL warning: egl: failed to create dri2 screen
[pid=358][err] Failed to create //.cache for shader cache (Permission denied)---disabling.
[pid=358][err] Fontconfig error: No writable cache directories
[pid=358][err] Fontconfig error: No writable cache directories
[pid=358][err] 
[pid=358][err] ** (MiniBrowser:364): CRITICAL **: 00:44:22.249: WebKitWebView is-controlled-by-automation set but automation is not allowed in the context, falling back to default session.
[pid=358][err] libEGL warning: failed to get driver name for fd -1
[pid=358][err] 
[pid=358][err] libEGL warning: MESA-LOADER: failed to retrieve device information
[pid=358][err] 
[pid=358][err] libEGL warning: failed to get driver name for fd -1
[pid=358][err] 
[pid=358][err] MESA: error: ZINK: vkCreateInstance failed (VK_ERROR_INCOMPATIBLE_DRIVER)
[pid=358][err] libEGL warning: egl: failed to create dri2 screen
[pid=358][err] Failed to create //.cache for shader cache (Permission denied)---disabling.
[pid=358][err] Fontconfig error: No writable cache directories
[pid=358][err] Fontconfig error: No writable cache directories
[pid=358][err] 
[pid=358][err] ** (MiniBrowser:364): CRITICAL **: 00:44:30.669: WebKitWebView is-controlled-by-automation set but automation is not allowed in the context, falling back to default session.
[pid=358][err] libEGL warning: failed to get driver name for fd -1
[pid=358][err] 
[pid=358][err] libEGL warning: MESA-LOADER: failed to retrieve device information
[pid=358][err] 
[pid=358][err] libEGL warning: failed to get driver name for fd -1
[pid=358][err] 
[pid=358][err] MESA: error: ZINK: vkCreateInstance failed (VK_ERROR_INCOMPATIBLE_DRIVER)
[pid=358][err] libEGL warning: egl: failed to create dri2 screen
[pid=358][err] Failed to create //.cache for shader cache (Permission denied)---disabling.
[pid=358][err] Fontconfig error: No writable cache directories
[pid=358][err] Fontconfig error: No writable cache directories
[pid=358][err] 
[pid=358][err] ** (MiniBrowser:364): CRITICAL **: 00:44:32.649: WebKitWebView is-controlled-by-automation set but automation is not allowed in the context, falling back to default session.
[pid=358][err] libEGL warning: failed to get driver name for fd -1
[pid=358][err] 
[pid=358][err] libEGL warning: MESA-LOADER: failed to retrieve device information
[pid=358][err] 
[pid=358][err] libEGL warning: failed to get driver name for fd -1
[pid=358][err] 
[pid=358][err] MESA: error: ZINK: vkCreateInstance failed (VK_ERROR_INCOMPATIBLE_DRIVER)
[pid=358][err] libEGL warning: egl: failed to create dri2 screen
[pid=358][err] Failed to create //.cache for shader cache (Permission denied)---disabling.
[pid=358][err] Fontconfig error: No writable cache directories
[pid=358][err] Fontconfig error: No writable cache directories
[pid=358] <gracefully close start>
[pid=358] <process did exit: exitCode=0, signal=null>
[pid=358] starting temporary directories cleanup
    at /home/lkj/OpenPBL/openPBL/scripts/check-desktop-layout.mjs:195:36 {
  log: []
}
PASS student-player@desktop-split
PASS student-standalone-player@desktop-split
PASS teacher-classroom@desktop-split
PASS quick-preparation@desktop-split
PASS generate-redirect@desktop-split
PASS resources-empty@desktop-split
PASS preparation@desktop-split
PASS dashboard-popover@desktop-split
PASS code@desktop-split
PASS player@desktop-split
PASS student-player@desktop-laptop
PASS student-standalone-player@desktop-laptop
PASS teacher-classroom@desktop-laptop
PASS quick-preparation@desktop-laptop
FAIL generate-redirect@desktop-laptop
PASS resources-empty@desktop-laptop
PASS preparation@desktop-laptop
PASS dashboard-popover@desktop-laptop
PASS code@desktop-laptop
PASS player@desktop-laptop
PASS student-player@desktop
PASS student-standalone-player@desktop
PASS teacher-classroom@desktop
PASS quick-preparation@desktop
PASS generate-redirect@desktop
PASS resources-empty@desktop
PASS preparation@desktop
PASS dashboard-popover@desktop
PASS code@desktop
PASS player@desktop
PASS student-player@desktop-4k
PASS student-standalone-player@desktop-4k
PASS teacher-classroom@desktop-4k
PASS quick-preparation@desktop-4k
PASS generate-redirect@desktop-4k
PASS resources-empty@desktop-4k
PASS preparation@desktop-4k
PASS dashboard-popover@desktop-4k
PASS code@desktop-4k
PASS player@desktop-4k
{"output":"/home/lkj/OpenPBL/openPBL/docs/audits/2026-09-25-prelaunch/evidence/final/teaching/webkit/dpr1","browser":"webkit","browserVersion":"26.5","dpr":1,"checks":40,"failures":1,"failedChecks":["generate-redirect@desktop-laptop"]}
checked desktop-768x576: 37 scenarios
checked desktop-1440x900: 37 scenarios
checked desktop-3840x2160: 37 scenarios
{
  "output": "/home/lkj/OpenPBL/openPBL/docs/audits/2026-09-25-prelaunch/evidence/final/layout/webkit/dpr2",
  "browser": "webkit",
  "browserVersion": "26.5",
  "dpr": 2,
  "scenarios": 37,
  "devices": 3,
  "checks": 111,
  "failures": 0,
  "failedChecks": []
}
PASS student-player@desktop-split
PASS student-standalone-player@desktop-split
PASS teacher-classroom@desktop-split
PASS quick-preparation@desktop-split
PASS generate-redirect@desktop-split
PASS resources-empty@desktop-split
PASS preparation@desktop-split
PASS dashboard-popover@desktop-split
PASS code@desktop-split
PASS player@desktop-split
PASS student-player@desktop
PASS student-standalone-player@desktop
PASS teacher-classroom@desktop
PASS quick-preparation@desktop
PASS generate-redirect@desktop
PASS resources-empty@desktop
PASS preparation@desktop
PASS dashboard-popover@desktop
PASS code@desktop
PASS player@desktop
PASS student-player@desktop-4k
PASS student-standalone-player@desktop-4k
PASS teacher-classroom@desktop-4k
PASS quick-preparation@desktop-4k
PASS generate-redirect@desktop-4k
PASS resources-empty@desktop-4k
PASS preparation@desktop-4k
PASS dashboard-popover@desktop-4k
PASS code@desktop-4k
PASS player@desktop-4k
{"output":"/home/lkj/OpenPBL/openPBL/docs/audits/2026-09-25-prelaunch/evidence/final/teaching/webkit/dpr2","browser":"webkit","browserVersion":"26.5","dpr":2,"checks":30,"failures":0,"failedChecks":[]}
(node:984543) [MODULE_TYPELESS_PACKAGE_JSON] Warning: Module type of file:///home/lkj/OpenPBL/openPBL/packages/pptxgenjs/dist/pptxgen.es.js is not specified and it doesn't parse as CommonJS.
Reparsing as ES module because module syntax was detected. This incurs a performance overhead.
To eliminate this warning, add "type": "module" to /home/lkj/OpenPBL/openPBL/packages/pptxgenjs/package.json.
(Use `node --trace-warnings ...` to show where the warning was created)
通过 isolated-database-migration
通过 isolated-redis-start
通过 isolated-production-build
通过 isolated-app-start
通过 teacher-register-real-login-cookie
通过 textbook-docx-upload-parse-search-persistence
通过 teacher/textbook-reader
通过 pdf-upload-download-range-and-isolated-storage
通过 audio-video-upload-download-browser-playback
通过 teacher/resource-package-verified
通过 resource-package-real-zip-pptx-parse-pdf-confirm-persistence: 1 PPTX 页，5 阶段
通过 teacher-course-chapter-invite-persistence
通过 teacher-four-activity-types-created
通过 student-invite-register-real-login-cookie
通过 legacy-account-api-explicitly-retired
通过 role-boundaries-and-invalid-activity
通过 student-assignment-submit-reload
通过 student-quiz-submit-reload
通过 student-form-submit-reload
通过 student-resource-submit-reload
通过 student-assignment-browser-edit-reload
通过 student-quiz-browser-edit-reload
通过 student-form-browser-edit-reload
通过 student-resource-browser-edit-reload
通过 teacher-survey-sees-student-submission
通过 teacher-template-version-published-and-persisted
通过 teacher/legacy-template-setup
通过 teacher/live-classroom
通过 student/live-classroom
通过 classroom-create-start-enter-and-workspace-reload
通过 classroom-artifact-stage-reflection-evaluation-finish
通过 teacher/classes
通过 teacher/course-detail
通过 teacher/students
通过 teacher/survey
通过 teacher/templates
通过 teacher/template-create
通过 teacher/pbl-create
通过 teacher/textbook-library
通过 teacher/experiment
通过 student/courses
通过 student/course-detail
通过 student/profile
通过 student/assignment
通过 student/survey
通过 student/invalid-activity-recovery
通过 student/participation
通过 teacher/participation
通过 teacher/classroom-record
通过 teacher/legacy-classroom-history
通过 student-deep-link-back-forward-new-tab
通过 redirect-/teacher: /teacher/classes
通过 redirect-/teacher/classes/7e39f5e3-772d-44d7-af09-b43d6d733f4e/access: /teacher/classes/7e39f5e3-772d-44d7-af09-b43d6d733f4e
通过 redirect-/student: /student/courses/7e39f5e3-772d-44d7-af09-b43d6d733f4e
通过 anonymous-/teacher/classes-login-return: /teacher/login
通过 anonymous-/student/profile-login-return: /student/login
通过 teacher-and-student-reload-persisted-course
通过 student/reset-password
通过 expired-student-deep-link-redirects-to-login
通过 student-password-reset-invalidates-session-and-relogin
通过 teacher-logout-invalidates-session
