(node:1023580) [MODULE_TYPELESS_PACKAGE_JSON] Warning: Module type of file:///home/lkj/OpenPBL/openPBL/packages/pptxgenjs/dist/pptxgen.es.js is not specified and it doesn't parse as CommonJS.
Reparsing as ES module because module syntax was detected. This incurs a performance overhead.
To eliminate this warning, add "type": "module" to /home/lkj/OpenPBL/openPBL/packages/pptxgenjs/package.json.
(Use `node --trace-warnings ...` to show where the warning was created)
通过 isolated-database-migration
通过 isolated-redis-start
通过 isolated-production-build: 复用本次验收构建
通过 isolated-app-start
通过 teacher-register-real-login-cookie
通过 textbook-docx-upload-parse-search-persistence
失败 teacher/textbook-reader: locator.waitFor: Timeout 30000ms exceeded.
Call log:
[2m  - waiting for getByText('社区生态调查').filter({ visible: true }).first() to be visible[22m

通过 pdf-upload-download-range-and-isolated-storage
通过 audio-video-upload-download-browser-playback
失败 teacher/resource-package-verified: locator.waitFor: Timeout 30000ms exceeded.
Call log:
[2m  - waiting for getByText('城市生态调查').filter({ visible: true }).first() to be visible[22m

通过 resource-package-real-zip-pptx-parse-pdf-confirm-persistence: 1 PPTX 页，5 阶段
通过 teacher-course-chapter-invite-persistence
通过 teacher-four-activity-types-created
通过 student-invite-register-real-login-cookie
通过 legacy-account-api-explicitly-retired
通过 role-boundaries-and-invalid-activity
通过 student-assignment-submit-reload
通过 student-quiz-submit-reload
通过 student-form-submit-reload
通过 student-resource-submit-reload
失败 student-assignment-browser-edit-reload: locator.waitFor: Timeout 30000ms exceeded.
Call log:
[2m  - waiting for getByRole('heading', { name: 'Assignment 验收' }) to be visible[22m

失败 student-quiz-browser-edit-reload: locator.waitFor: Timeout 30000ms exceeded.
Call log:
[2m  - waiting for getByRole('heading', { name: 'Quiz 验收' }) to be visible[22m

失败 student-form-browser-edit-reload: locator.waitFor: Timeout 30000ms exceeded.
Call log:
[2m  - waiting for getByRole('heading', { name: 'Form 验收' }) to be visible[22m

失败 student-resource-browser-edit-reload: locator.waitFor: Timeout 30000ms exceeded.
Call log:
[2m  - waiting for getByRole('heading', { name: 'Resource 验收' }) to be visible[22m

通过 teacher-survey-sees-student-submission
通过 teacher-template-version-published-and-persisted
失败 teacher/legacy-template-setup: broken static resource
+ actual - expected

+ [
+   '404 /_next/static/chunks/main-app-cc7b6a8ab03af24f.js',
+   '404 /_next/static/chunks/28143-6f14b25b0e47fd3c.js',
+   '404 /_next/static/chunks/webpack-b073bfb3bd7ad13c.js',
+   '404 /_next/static/chunks/44a12906-c2f8f7b1097a1154.js',
+   '404 /_next/static/chunks/25296-7e0acd8839e10791.js',
+   
失败 teacher/live-classroom: locator.waitFor: Target page, context or browser has been closed
Call log:
[2m  - waiting for getByText('课堂数据速览').filter({ visible: true }).first() to be visible[22m

失败 fatal: browserContext.newPage: Target page, context or browser has been closed
Browser logs:

[pid=1025095][err] [0925/092116.115173:INFO:CONSOLE:0] "Refused to execute script from 'http://127.0.0.1:3198/_next/static/chunks/632f7cdd-0b3de4ce6905b263.js' because its MIME type ('text/plain') is not executable, and strict MIME type checking is enabled.", source: http://127.0.0.1:3198/student/activities/6a9ac32b-b218-4f99-8ac8-b6e0ed80a36c (0)
[pid=1025095][err] [0925/092116.115703:INFO:CONSOLE:0] "Refused
Error response from daemon: No such container: openpbl-prelaunch-01e6b127-ef80-4b67-9080-e3dffbcc63f6
Error response from daemon: No such container: openpbl-prelaunch-01e6b127-ef80-4b67-9080-e3dffbcc63f6-redis
