checked desktop-768x576: 37 scenarios
checked desktop-768x768: 37 scenarios
checked desktop-1024x768: 37 scenarios
checked desktop-1280x720: 37 scenarios
checked desktop-1366x768: 37 scenarios
checked desktop-1440x900: 37 scenarios
checked desktop-1920x1080: 37 scenarios
checked desktop-2560x1440: 37 scenarios
checked desktop-3840x2160: 37 scenarios
checked desktop-1024x576: 37 scenarios
{
  "output": "/home/lkj/OpenPBL/openPBL/docs/audits/2026-09-25-prelaunch/evidence/layout/chromium/dpr1",
  "browser": "chromium",
  "browserVersion": "149.0.7827.55",
  "dpr": 1,
  "scenarios": 37,
  "devices": 10,
  "checks": 370,
  "failures": 1,
  "failedChecks": [
    "student-course@desktop-3840x2160"
  ]
}
PASS student-player@desktop-split
PASS student-standalone-player@desktop-split
PASS teacher-classroom@desktop-split
PASS quick-preparation@desktop-split
PASS generate-redirect@desktop-split
PASS resources-empty@desktop-split
PASS preparation@desktop-split
PASS dashboard-popover@desktop-split
PASS code@desktop-split
PASS player@desktop-split
PASS student-player@desktop-laptop
PASS student-standalone-player@desktop-laptop
PASS teacher-classroom@desktop-laptop
PASS quick-preparation@desktop-laptop
PASS generate-redirect@desktop-laptop
PASS resources-empty@desktop-laptop
PASS preparation@desktop-laptop
PASS dashboard-popover@desktop-laptop
PASS code@desktop-laptop
PASS player@desktop-laptop
PASS student-player@desktop
PASS student-standalone-player@desktop
PASS teacher-classroom@desktop
PASS quick-preparation@desktop
PASS generate-redirect@desktop
PASS resources-empty@desktop
PASS preparation@desktop
PASS dashboard-popover@desktop
PASS code@desktop
PASS player@desktop
PASS student-player@desktop-4k
PASS student-standalone-player@desktop-4k
PASS teacher-classroom@desktop-4k
PASS quick-preparation@desktop-4k
PASS generate-redirect@desktop-4k
PASS resources-empty@desktop-4k
PASS preparation@desktop-4k
PASS dashboard-popover@desktop-4k
PASS code@desktop-4k
PASS player@desktop-4k
{"output":"/home/lkj/OpenPBL/openPBL/docs/audits/2026-09-25-prelaunch/evidence/teaching/chromium/dpr1","browser":"chromium","browserVersion":"149.0.7827.55","dpr":1,"checks":40,"failures":0,"failedChecks":[]}
checked desktop-768x576: 37 scenarios
checked desktop-1440x900: 37 scenarios
checked desktop-3840x2160: 37 scenarios
{
  "output": "/home/lkj/OpenPBL/openPBL/docs/audits/2026-09-25-prelaunch/evidence/layout/chromium/dpr2",
  "browser": "chromium",
  "browserVersion": "149.0.7827.55",
  "dpr": 2,
  "scenarios": 37,
  "devices": 3,
  "checks": 111,
  "failures": 0,
  "failedChecks": []
}
PASS student-player@desktop-split
PASS student-standalone-player@desktop-split
PASS teacher-classroom@desktop-split
PASS quick-preparation@desktop-split
PASS generate-redirect@desktop-split
PASS resources-empty@desktop-split
PASS preparation@desktop-split
PASS dashboard-popover@desktop-split
PASS code@desktop-split
PASS player@desktop-split
PASS student-player@desktop
PASS student-standalone-player@desktop
PASS teacher-classroom@desktop
PASS quick-preparation@desktop
PASS generate-redirect@desktop
PASS resources-empty@desktop
PASS preparation@desktop
PASS dashboard-popover@desktop
PASS code@desktop
PASS player@desktop
PASS student-player@desktop-4k
PASS student-standalone-player@desktop-4k
PASS teacher-classroom@desktop-4k
PASS quick-preparation@desktop-4k
PASS generate-redirect@desktop-4k
PASS resources-empty@desktop-4k
PASS preparation@desktop-4k
PASS dashboard-popover@desktop-4k
PASS code@desktop-4k
PASS player@desktop-4k
{"output":"/home/lkj/OpenPBL/openPBL/docs/audits/2026-09-25-prelaunch/evidence/teaching/chromium/dpr2","browser":"chromium","browserVersion":"149.0.7827.55","dpr":2,"checks":30,"failures":0,"failedChecks":[]}
checked desktop-768x576: 37 scenarios
checked desktop-768x768: 37 scenarios
checked desktop-1024x768: 37 scenarios
checked desktop-1280x720: 37 scenarios
tracing.stop: Target page, context or browser has been closed
    at /home/lkj/OpenPBL/openPBL/scripts/check-desktop-layout.mjs:306:31 {
  log: []
}
