
Running 78 tests using 1 worker

(node:1536258) Warning: The 'NO_COLOR' env is ignored due to the 'FORCE_COLOR' env being set.
(Use `node --trace-warnings ...` to show where the warning was created)
  ✓   1 [chromium] › e2e/brand-logo-animation.spec.ts:6:5 › public pages use the concise CoTeach positioning (3.1s)
  ✓   2 [chromium] › e2e/brand-logo-animation.spec.ts:29:7 › brand plays automatically without controls on / (1.3s)
  ✓   3 [chromium] › e2e/brand-logo-animation.spec.ts:29:7 › brand plays automatically without controls on /teacher/login (1.6s)
  ✓   4 [chromium] › e2e/brand-logo-animation.spec.ts:29:7 › brand plays automatically without controls on /teacher/register (928ms)
  ✓   5 [chromium] › e2e/brand-logo-animation.spec.ts:29:7 › brand plays automatically without controls on /student/login (1.1s)
  ✓   6 [chromium] › e2e/brand-logo-animation.spec.ts:29:7 › brand plays automatically without controls on /student/register (1.1s)
  ✓   7 [chromium] › e2e/brand-logo-animation.spec.ts:48:5 › the login logo remains complete instead of retracting or replaying (1.2s)
  ✓   8 [chromium] › e2e/brand-logo-animation.spec.ts:73:5 › paired pages open together, paired figures rise together, then the star appears (1.3s)
  ✓   9 [chromium] › e2e/brand-logo-animation.spec.ts:116:5 › mobile forms retain the logo without horizontal overflow (2.0s)
  ✓  10 [chromium] › e2e/brand-logo-animation.spec.ts:126:5 › home hero remains complete while its star and wordmark keep glowing (1.8s)
  ✓  11 [chromium] › e2e/brand-logo-animation.spec.ts:164:5 › home hero replays on refresh and client navigation back to home (2.4s)
  ✓  12 [chromium] › e2e/brand-logo-animation.spec.ts:180:5 › reduced motion shows the finished logo without animations (1.9s)
  ✓  13 [chromium] › e2e/brand-logo-animation.spec.ts:196:5 › home story starts on entry and pauses outside the viewport (1.6s)
  ✓  14 [chromium] › e2e/brand-logo-animation.spec.ts:208:5 › the server-rendered logo stays complete without JavaScript (670ms)
  ✓  15 [chromium] › e2e/course-quality-review.spec.ts:9:46 › teacher publishes without auxiliary reports (9.5s)
  ✓  16 [chromium] › e2e/course-quality-review.spec.ts:9:46 › teacher publishes after a manual page check (3.5s)
  ✓  17 [chromium] › e2e/interactive-python-runtime.spec.ts:4:5 › repairs a persisted Python interaction that omitted the Pyodide loader (3.4s)
  ✓  18 [chromium] › e2e/prelaunch-fault-recovery.spec.ts:29:5 › student course list recovers after a disconnected request (1.2s)
  ✓  19 [chromium] › e2e/prelaunch-fault-recovery.spec.ts:45:5 › teacher course list recovers after a timed-out request and displays a missing cover fallback (1.7s)
  ✓  20 [chromium] › e2e/prelaunch-public-discussion-permission.spec.ts:8:5 › student can switch to text after microphone permission is denied (2.6s)
  ✓  21 [chromium] › e2e/resource-package-generation.spec.ts:138:7 › resource package confirmation and generation 390x844 (10.1s)
  ✓  22 [chromium] › e2e/resource-package-generation.spec.ts:138:7 › resource package confirmation and generation 1280x720 (8.4s)
  ✓  23 [chromium] › e2e/resource-package-generation.spec.ts:138:7 › resource package confirmation and generation 1920x1080 (12.9s)
  ✓  24 [chromium] › e2e/resource-package-generation.spec.ts:189:5 › core conflict pauses confirmation and requires an explicit version-bound adaptation (4.2s)
  ✓  25 [chromium] › e2e/resource-package-launch.spec.ts:79:7 › package launch preview, ten pages and projection 1024x576 (6.8s)
  ✓  26 [chromium] › e2e/resource-package-launch.spec.ts:79:7 › package launch preview, ten pages and projection 1920x1080 (7.3s)
  ✓  27 [chromium] › e2e/teacher-classroom-editor.spec.ts:315:5 › whiteboard text, narration, table, image and step history survive saving and reload (6.6s)
  ✓  28 [chromium] › e2e/teacher-classroom-editor.spec.ts:392:5 › video playback shows a retry when the browser denies automatic play (6.7s)
  ✓  29 [chromium] › e2e/teacher-classroom-editor.spec.ts:474:5 › chart values and all chart forms render and survive saving (7.6s)
  ✓  30 [chromium] › e2e/teacher-classroom-editor.spec.ts:514:5 › diagram labels and attached arrows follow edits, and derivations render styled formulas (5.0s)
  ✓  31 [chromium] › e2e/teacher-classroom-editor.spec.ts:550:7 › classroom editor and whiteboard controls fit 1024x576 (4.2s)
  ✓  32 [chromium] › e2e/teacher-classroom-editor.spec.ts:550:7 › classroom editor and whiteboard controls fit 1440x900 (4.1s)
  ✓  33 [chromium] › e2e/teacher-classroom-editor.spec.ts:550:7 › classroom editor and whiteboard controls fit 390x844 (3.7s)
  ✓  34 [chromium] › e2e/teacher-classroom-editor.spec.ts:575:5 › mock model whiteboard edit updates the board, preserves other steps and supports restore/resume (4.1s)
  ✓  35 [chromium] › e2e/teacher-presentation.spec.ts:314:7 › reflection questions show grounded clouds and per-option distributions 1024x576 (7.4s)
  ✓  36 [chromium] › e2e/teacher-presentation.spec.ts:314:7 › reflection questions show grounded clouds and per-option distributions 1280x720 (7.9s)
  ✓  37 [chromium] › e2e/teacher-presentation.spec.ts:314:7 › reflection questions show grounded clouds and per-option distributions 1024x768 (7.8s)
  ✓  38 [chromium] › e2e/teacher-presentation.spec.ts:314:7 › reflection questions show grounded clouds and per-option distributions 1920x1080 (8.8s)
  ✓  39 [chromium] › e2e/teacher-presentation.spec.ts:314:7 › reflection questions show grounded clouds and per-option distributions 3840x2160 (13.4s)
  ✓  40 [chromium] › e2e/teacher-presentation.spec.ts:314:7 › reflection questions show grounded clouds and per-option distributions 390x844 (7.5s)
  ✓  41 [chromium] › e2e/teacher-presentation.spec.ts:384:5 › empty reflection questions keep all zero choices and never fabricate a cloud (2.5s)
  ✓  42 [chromium] › e2e/teacher-presentation.spec.ts:399:5 › custom course reflection questions ground each cloud in that question's original answer (4.2s)
  ✓  43 [chromium] › e2e/teacher-presentation.spec.ts:418:7 › footer starts the first ready showcase student without approval 1024x576 (2.1s)
  ✓  44 [chromium] › e2e/teacher-presentation.spec.ts:418:7 › footer starts the first ready showcase student without approval 1920x1080 (2.3s)
  ✓  45 [chromium] › e2e/teacher-presentation.spec.ts:442:5 › all five classroom workspaces stay unframed and clear of the footer at low height (4.4s)
  ✓  46 [chromium] › e2e/teacher-presentation.spec.ts:484:7 › PDF slides remain visible and retain page across views 1024x576 (3.9s)
  ✓  47 [chromium] › e2e/teacher-presentation.spec.ts:510:7 › approved showcase PDF fits the presentation area 1024x576 (3.3s)
  ✓  48 [chromium] › e2e/teacher-presentation.spec.ts:484:7 › PDF slides remain visible and retain page across views 1920x1080 (3.7s)
  ✓  49 [chromium] › e2e/teacher-presentation.spec.ts:510:7 › approved showcase PDF fits the presentation area 1920x1080 (3.2s)
  ✓  50 [chromium] › e2e/teacher-presentation.spec.ts:536:7 › projection layout 1280x720 (3.4s)
  ✓  51 [chromium] › e2e/teacher-presentation.spec.ts:536:7 › projection layout 1920x1080 (3.8s)
  ✓  52 [chromium] › e2e/teacher-presentation.spec.ts:536:7 › projection layout 3840x2160 (5.1s)
  ✓  53 [chromium] › e2e/teacher-presentation.spec.ts:536:7 › projection layout 1024x768 (3.4s)
  ✓  54 [chromium] › e2e/teacher-presentation.spec.ts:536:7 › projection layout 1024x576 (3.3s)
  ✓  55 [chromium] › e2e/teacher-presentation.spec.ts:536:7 › projection layout 390x844 (3.2s)
  ✓  56 [chromium] › e2e/teacher-presentation.spec.ts:557:5 › five stages retain controls, hide details on view/stage changes, and preserve save semantics (10.2s)
  ✓  57 [chromium] › e2e/teacher-presentation.spec.ts:624:5 › fullscreen denial falls back to an immersive window and Escape restores the workspace (1.6s)
  ✓  58 [chromium] › e2e/textbook-library.spec.ts:58:5 › textbook library → reading → evidence → real graph → fullscreen → keyboard search and history (6.8s)
  ✓  59 [chromium] › e2e/textbook-library.spec.ts:103:5 › mobile directory and evidence drawers; parsing and search failure recovery (6.2s)
  ✓  60 [chromium] › e2e/textbook-library.spec.ts:154:44 › real Canvas performance and bounded graph: 300 concepts (3.9s)
  ✓  61 [chromium] › e2e/textbook-library.spec.ts:154:44 › real Canvas performance and bounded graph: 1000 concepts (3.8s)
  ✓  62 [chromium] › e2e/textbook-library.spec.ts:154:44 › real Canvas performance and bounded graph: 3000 concepts (5.4s)
  ✓  63 [chromium] › e2e/textbook-library.spec.ts:186:8 › reader visual acceptance 320x568 (1.8s)
  ✓  64 [chromium] › e2e/textbook-library.spec.ts:186:8 › reader visual acceptance 430x932 (1.4s)
  ✓  65 [chromium] › e2e/textbook-library.spec.ts:186:8 › reader visual acceptance 568x320 (1.4s)
  ✓  66 [chromium] › e2e/textbook-library.spec.ts:186:8 › reader visual acceptance 932x430 (1.4s)
  ✓  67 [chromium] › e2e/textbook-library.spec.ts:186:8 › reader visual acceptance 768x1024 (1.7s)
  ✓  68 [chromium] › e2e/textbook-library.spec.ts:186:8 › reader visual acceptance 820x1180 (1.5s)
  ✓  69 [chromium] › e2e/textbook-library.spec.ts:186:8 › reader visual acceptance 1024x576 (1.3s)
  ✓  70 [chromium] › e2e/textbook-library.spec.ts:186:8 › reader visual acceptance 1024x768 (1.4s)
  ✓  71 [chromium] › e2e/textbook-library.spec.ts:186:8 › reader visual acceptance 1180x820 (1.3s)
  ✓  72 [chromium] › e2e/textbook-library.spec.ts:186:8 › reader visual acceptance 1280x720 (1.4s)
  ✓  73 [chromium] › e2e/textbook-library.spec.ts:186:8 › reader visual acceptance 1366x768 (1.5s)
  ✓  74 [chromium] › e2e/textbook-library.spec.ts:186:8 › reader visual acceptance 1440x900 (1.9s)
  ✓  75 [chromium] › e2e/textbook-library.spec.ts:186:8 › reader visual acceptance 1920x1080 (1.8s)
  ✓  76 [chromium] › e2e/textbook-library.spec.ts:186:8 › reader visual acceptance 2560x1440 (2.3s)
  ✓  77 [chromium] › e2e/textbook-library.spec.ts:186:8 › reader visual acceptance 3840x2160 (4.1s)
  ✓  78 [chromium] › e2e/textbook-library.spec.ts:193:5 › textbook library grid and list fit a 320px mobile screen (1.2s)

  78 passed (5.2m)
