
Running 1 test using 1 worker

(node:1320911) Warning: The 'NO_COLOR' env is ignored due to the 'FORCE_COLOR' env being set.
(Use `node --trace-warnings ...` to show where the warning was created)
  ✘  1 [chromium] › e2e/teacher-classroom-editor.spec.ts:392:5 › video playback shows a retry when the browser denies automatic play (2.9s)


  1) [chromium] › e2e/teacher-classroom-editor.spec.ts:392:5 › video playback shows a retry when the browser denies automatic play 

    Error: Set JWT_SECRET or OPENPBL_E2E_JWT_SECRET_FILE for the reused server before running this suite.

      128 |     : process.env.JWT_SECRET;
      129 |   if (!secret || secret.length < 32) {
    > 130 |     throw new Error('Set JWT_SECRET or OPENPBL_E2E_JWT_SECRET_FILE for the reused server before running this suite.');
          |           ^
      131 |   }
      132 |   const token = await new SignJWT({ role: 'teacher', sv: 1, username: 'e2e-classroom-editor', displayName: '课堂编辑验收教师' })
      133 |     .setProtectedHeader({ alg: 'HS256' })
        at mockEditor (/home/lkj/OpenPBL/openPBL/e2e/teacher-classroom-editor.spec.ts:130:11)
        at /home/lkj/OpenPBL/openPBL/e2e/teacher-classroom-editor.spec.ts:422:25

    attachment #1: screenshot (image/png) ──────────────────────────────────────────────────────────
    test-results/teacher-classroom-editor-v-4c85d-owser-denies-automatic-play-chromium/test-failed-1.png
    ────────────────────────────────────────────────────────────────────────────────────────────────

    attachment #3: video (video/webm) ──────────────────────────────────────────────────────────────
    test-results/teacher-classroom-editor-v-4c85d-owser-denies-automatic-play-chromium/video.webm
    ────────────────────────────────────────────────────────────────────────────────────────────────

    Error Context: test-results/teacher-classroom-editor-v-4c85d-owser-denies-automatic-play-chromium/error-context.md

  1 failed
    [chromium] › e2e/teacher-classroom-editor.spec.ts:392:5 › video playback shows a retry when the browser denies automatic play 
