
Running 48 tests using 1 worker


(node:711505) Warning: The 'NO_COLOR' env is ignored due to the 'FORCE_COLOR' env being set.
(Use `node --trace-warnings ...` to show where the warning was created)

[1/48] [chromium] › e2e/teacher-classroom-editor.spec.ts:310:5 › whiteboard text, narration, table, image and step history survive saving and reload
[2/48] [chromium] › e2e/teacher-classroom-editor.spec.ts:387:5 › chart values and all chart forms render and survive saving
[3/48] [chromium] › e2e/teacher-classroom-editor.spec.ts:427:5 › diagram labels and attached arrows follow edits, and derivations render styled formulas
[4/48] [chromium] › e2e/teacher-classroom-editor.spec.ts:463:7 › classroom editor and whiteboard controls fit 1024x576
[5/48] [chromium] › e2e/teacher-classroom-editor.spec.ts:463:7 › classroom editor and whiteboard controls fit 1440x900
[6/48] [chromium] › e2e/teacher-classroom-editor.spec.ts:463:7 › classroom editor and whiteboard controls fit 390x844
[7/48] [chromium] › e2e/teacher-classroom-editor.spec.ts:488:5 › mock model whiteboard edit updates the board, preserves other steps and supports restore/resume
[8/48] [chromium] › e2e/teacher-presentation.spec.ts:305:7 › reflection questions show grounded clouds and per-option distributions 1024x576
  1) [chromium] › e2e/teacher-presentation.spec.ts:305:7 › reflection questions show grounded clouds and per-option distributions 1024x576 

    Error: expect(received).toBeGreaterThanOrEqual(expected)

    Expected: >= 44
    Received:    40

      203 |     await expect(control).toBeInViewport();
      204 |     const box = await control.boundingBox();
    > 205 |     expect(box?.height).toBeGreaterThanOrEqual(44);
          |                         ^
      206 |   }
      207 | }
      208 |
        at assertNoPageOverflow (/home/lkj/OpenPBL/openPBL/e2e/teacher-presentation.spec.ts:205:25)
        at assertReflectionCloudFits (/home/lkj/OpenPBL/openPBL/e2e/teacher-presentation.spec.ts:301:3)
        at /home/lkj/OpenPBL/openPBL/e2e/teacher-presentation.spec.ts:316:5

    attachment #1: screenshot (image/png) ──────────────────────────────────────────────────────────
    test-results/teacher-presentation-refle-fb137-tion-distributions-1024x576-chromium/test-failed-1.png
    ────────────────────────────────────────────────────────────────────────────────────────────────

    attachment #2: video (video/webm) ──────────────────────────────────────────────────────────────
    test-results/teacher-presentation-refle-fb137-tion-distributions-1024x576-chromium/video.webm
    ────────────────────────────────────────────────────────────────────────────────────────────────

    Error Context: test-results/teacher-presentation-refle-fb137-tion-distributions-1024x576-chromium/error-context.md



(node:713398) Warning: The 'NO_COLOR' env is ignored due to the 'FORCE_COLOR' env being set.
(Use `node --trace-warnings ...` to show where the warning was created)

[9/48] [chromium] › e2e/teacher-presentation.spec.ts:305:7 › reflection questions show grounded clouds and per-option distributions 1280x720
  2) [chromium] › e2e/teacher-presentation.spec.ts:305:7 › reflection questions show grounded clouds and per-option distributions 1280x720 

    Error: expect(received).toBeGreaterThanOrEqual(expected)

    Expected: >= 44
    Received:    40

      203 |     await expect(control).toBeInViewport();
      204 |     const box = await control.boundingBox();
    > 205 |     expect(box?.height).toBeGreaterThanOrEqual(44);
          |                         ^
      206 |   }
      207 | }
      208 |
        at assertNoPageOverflow (/home/lkj/OpenPBL/openPBL/e2e/teacher-presentation.spec.ts:205:25)
        at assertReflectionCloudFits (/home/lkj/OpenPBL/openPBL/e2e/teacher-presentation.spec.ts:301:3)
        at /home/lkj/OpenPBL/openPBL/e2e/teacher-presentation.spec.ts:316:5

    attachment #1: screenshot (image/png) ──────────────────────────────────────────────────────────
    test-results/teacher-presentation-refle-4e1ef-tion-distributions-1280x720-chromium/test-failed-1.png
    ────────────────────────────────────────────────────────────────────────────────────────────────

    attachment #2: video (video/webm) ──────────────────────────────────────────────────────────────
    test-results/teacher-presentation-refle-4e1ef-tion-distributions-1280x720-chromium/video.webm
    ────────────────────────────────────────────────────────────────────────────────────────────────

    Error Context: test-results/teacher-presentation-refle-4e1ef-tion-distributions-1280x720-chromium/error-context.md



(node:713976) Warning: The 'NO_COLOR' env is ignored due to the 'FORCE_COLOR' env being set.
(Use `node --trace-warnings ...` to show where the warning was created)

[10/48] [chromium] › e2e/teacher-presentation.spec.ts:305:7 › reflection questions show grounded clouds and per-option distributions 1024x768
  3) [chromium] › e2e/teacher-presentation.spec.ts:305:7 › reflection questions show grounded clouds and per-option distributions 1024x768 

    Error: expect(received).toBeGreaterThanOrEqual(expected)

    Expected: >= 44
    Received:    40

      203 |     await expect(control).toBeInViewport();
      204 |     const box = await control.boundingBox();
    > 205 |     expect(box?.height).toBeGreaterThanOrEqual(44);
          |                         ^
      206 |   }
      207 | }
      208 |
        at assertNoPageOverflow (/home/lkj/OpenPBL/openPBL/e2e/teacher-presentation.spec.ts:205:25)
        at assertReflectionCloudFits (/home/lkj/OpenPBL/openPBL/e2e/teacher-presentation.spec.ts:301:3)
        at /home/lkj/OpenPBL/openPBL/e2e/teacher-presentation.spec.ts:316:5

    attachment #1: screenshot (image/png) ──────────────────────────────────────────────────────────
    test-results/teacher-presentation-refle-d981b-tion-distributions-1024x768-chromium/test-failed-1.png
    ────────────────────────────────────────────────────────────────────────────────────────────────

    attachment #2: video (video/webm) ──────────────────────────────────────────────────────────────
    test-results/teacher-presentation-refle-d981b-tion-distributions-1024x768-chromium/video.webm
    ────────────────────────────────────────────────────────────────────────────────────────────────

    Error Context: test-results/teacher-presentation-refle-d981b-tion-distributions-1024x768-chromium/error-context.md



(node:714277) Warning: The 'NO_COLOR' env is ignored due to the 'FORCE_COLOR' env being set.
(Use `node --trace-warnings ...` to show where the warning was created)

[11/48] [chromium] › e2e/teacher-presentation.spec.ts:305:7 › reflection questions show grounded clouds and per-option distributions 1920x1080
  4) [chromium] › e2e/teacher-presentation.spec.ts:305:7 › reflection questions show grounded clouds and per-option distributions 1920x1080 

    Error: expect(received).toBeGreaterThanOrEqual(expected)

    Expected: >= 44
    Received:    40

      203 |     await expect(control).toBeInViewport();
      204 |     const box = await control.boundingBox();
    > 205 |     expect(box?.height).toBeGreaterThanOrEqual(44);
          |                         ^
      206 |   }
      207 | }
      208 |
        at assertNoPageOverflow (/home/lkj/OpenPBL/openPBL/e2e/teacher-presentation.spec.ts:205:25)
        at assertReflectionCloudFits (/home/lkj/OpenPBL/openPBL/e2e/teacher-presentation.spec.ts:301:3)
        at /home/lkj/OpenPBL/openPBL/e2e/teacher-presentation.spec.ts:316:5

    attachment #1: screenshot (image/png) ──────────────────────────────────────────────────────────
    test-results/teacher-presentation-refle-de5f2-ion-distributions-1920x1080-chromium/test-failed-1.png
    ────────────────────────────────────────────────────────────────────────────────────────────────

    attachment #2: video (video/webm) ──────────────────────────────────────────────────────────────
    test-results/teacher-presentation-refle-de5f2-ion-distributions-1920x1080-chromium/video.webm
    ────────────────────────────────────────────────────────────────────────────────────────────────

    Error Context: test-results/teacher-presentation-refle-de5f2-ion-distributions-1920x1080-chromium/error-context.md



(node:714776) Warning: The 'NO_COLOR' env is ignored due to the 'FORCE_COLOR' env being set.
(Use `node --trace-warnings ...` to show where the warning was created)

[12/48] [chromium] › e2e/teacher-presentation.spec.ts:305:7 › reflection questions show grounded clouds and per-option distributions 3840x2160
  5) [chromium] › e2e/teacher-presentation.spec.ts:305:7 › reflection questions show grounded clouds and per-option distributions 3840x2160 

    Error: expect(received).toBeGreaterThanOrEqual(expected)

    Expected: >= 44
    Received:    40

      203 |     await expect(control).toBeInViewport();
      204 |     const box = await control.boundingBox();
    > 205 |     expect(box?.height).toBeGreaterThanOrEqual(44);
          |                         ^
      206 |   }
      207 | }
      208 |
        at assertNoPageOverflow (/home/lkj/OpenPBL/openPBL/e2e/teacher-presentation.spec.ts:205:25)
        at assertReflectionCloudFits (/home/lkj/OpenPBL/openPBL/e2e/teacher-presentation.spec.ts:301:3)
        at /home/lkj/OpenPBL/openPBL/e2e/teacher-presentation.spec.ts:316:5

    attachment #1: screenshot (image/png) ──────────────────────────────────────────────────────────
    test-results/teacher-presentation-refle-014ad-ion-distributions-3840x2160-chromium/test-failed-1.png
    ────────────────────────────────────────────────────────────────────────────────────────────────

    attachment #2: video (video/webm) ──────────────────────────────────────────────────────────────
    test-results/teacher-presentation-refle-014ad-ion-distributions-3840x2160-chromium/video.webm
    ────────────────────────────────────────────────────────────────────────────────────────────────

    Error Context: test-results/teacher-presentation-refle-014ad-ion-distributions-3840x2160-chromium/error-context.md



(node:715247) Warning: The 'NO_COLOR' env is ignored due to the 'FORCE_COLOR' env being set.
(Use `node --trace-warnings ...` to show where the warning was created)

[13/48] [chromium] › e2e/teacher-presentation.spec.ts:305:7 › reflection questions show grounded clouds and per-option distributions 390x844
  6) [chromium] › e2e/teacher-presentation.spec.ts:305:7 › reflection questions show grounded clouds and per-option distributions 390x844 

    Error: expect(received).toBeGreaterThanOrEqual(expected)

    Expected: >= 44
    Received:    40

      203 |     await expect(control).toBeInViewport();
      204 |     const box = await control.boundingBox();
    > 205 |     expect(box?.height, `${name} click target`).toBeGreaterThanOrEqual(mode === "reflection" ? 40 : 44);
          |                         ^
      206 |   }
      207 | }
      208 |
        at assertNoPageOverflow (/home/lkj/OpenPBL/openPBL/e2e/teacher-presentation.spec.ts:205:25)
        at assertReflectionCloudFits (/home/lkj/OpenPBL/openPBL/e2e/teacher-presentation.spec.ts:301:3)
        at /home/lkj/OpenPBL/openPBL/e2e/teacher-presentation.spec.ts:316:5

    attachment #1: screenshot (image/png) ──────────────────────────────────────────────────────────
    test-results/teacher-presentation-refle-e1a59-ption-distributions-390x844-chromium/test-failed-1.png
    ────────────────────────────────────────────────────────────────────────────────────────────────

    attachment #2: video (video/webm) ──────────────────────────────────────────────────────────────
    test-results/teacher-presentation-refle-e1a59-ption-distributions-390x844-chromium/video.webm
    ────────────────────────────────────────────────────────────────────────────────────────────────

    Error Context: test-results/teacher-presentation-refle-e1a59-ption-distributions-390x844-chromium/error-context.md



(node:715927) Warning: The 'NO_COLOR' env is ignored due to the 'FORCE_COLOR' env being set.
(Use `node --trace-warnings ...` to show where the warning was created)

[14/48] [chromium] › e2e/teacher-presentation.spec.ts:372:5 › empty reflection questions keep all zero choices and never fabricate a cloud
[15/48] [chromium] › e2e/teacher-presentation.spec.ts:387:5 › custom course reflection questions ground each cloud in that question's original answer
[16/48] [chromium] › e2e/teacher-presentation.spec.ts:406:7 › footer starts the first ready showcase student without approval 1024x576
  7) [chromium] › e2e/teacher-presentation.spec.ts:406:7 › footer starts the first ready showcase student without approval 1024x576 

    Error: expect(locator).toBeDisabled() failed

    Locator: getByRole('group', { name: '当前阶段常用操作', exact: true }).getByRole('button', { name: '等待学生申请', exact: true })
    Expected: disabled
    Timeout: 5000ms
    Error: element(s) not found

    Call log:
      - Expect "toBeDisabled" with timeout 5000ms
      - waiting for getByRole('group', { name: '当前阶段常用操作', exact: true }).getByRole('button', { name: '等待学生申请', exact: true })


      419 |       { action: "assign", groupId: "group-student-2", studentId: "student-2" },
      420 |     ]);
    > 421 |     await expect(commonActions.getByRole("button", { name: "等待学生申请", exact: true })).toBeDisabled();
          |                                                                                      ^
      422 |     await expect(page.getByText("等待该学生申请投屏", { exact: true })).toBeVisible();
      423 |     await expect(page.getByRole("button", { name: "批准并开始", exact: true })).toHaveCount(0);
      424 |     await screenshot(page, info, "footer-showcase-called");
        at /home/lkj/OpenPBL/openPBL/e2e/teacher-presentation.spec.ts:421:86

    attachment #1: screenshot (image/png) ──────────────────────────────────────────────────────────
    test-results/teacher-presentation-foote-5f8eb-t-without-approval-1024x576-chromium/test-failed-1.png
    ────────────────────────────────────────────────────────────────────────────────────────────────

    attachment #2: video (video/webm) ──────────────────────────────────────────────────────────────
    test-results/teacher-presentation-foote-5f8eb-t-without-approval-1024x576-chromium/video.webm
    ────────────────────────────────────────────────────────────────────────────────────────────────

    Error Context: test-results/teacher-presentation-foote-5f8eb-t-without-approval-1024x576-chromium/error-context.md



(node:717064) Warning: The 'NO_COLOR' env is ignored due to the 'FORCE_COLOR' env being set.
(Use `node --trace-warnings ...` to show where the warning was created)

[17/48] [chromium] › e2e/teacher-presentation.spec.ts:406:7 › footer starts the first ready showcase student without approval 1920x1080
  8) [chromium] › e2e/teacher-presentation.spec.ts:406:7 › footer starts the first ready showcase student without approval 1920x1080 

    Error: expect(locator).toBeDisabled() failed

    Locator: getByRole('group', { name: '当前阶段常用操作', exact: true }).getByRole('button', { name: '等待学生申请', exact: true })
    Expected: disabled
    Timeout: 5000ms
    Error: element(s) not found

    Call log:
      - Expect "toBeDisabled" with timeout 5000ms
      - waiting for getByRole('group', { name: '当前阶段常用操作', exact: true }).getByRole('button', { name: '等待学生申请', exact: true })


      419 |       { action: "assign", groupId: "group-student-2", studentId: "student-2" },
      420 |     ]);
    > 421 |     await expect(commonActions.getByRole("button", { name: "等待学生申请", exact: true })).toBeDisabled();
          |                                                                                      ^
      422 |     await expect(page.getByText("等待该学生申请投屏", { exact: true })).toBeVisible();
      423 |     await expect(page.getByRole("button", { name: "批准并开始", exact: true })).toHaveCount(0);
      424 |     await screenshot(page, info, "footer-showcase-called");
        at /home/lkj/OpenPBL/openPBL/e2e/teacher-presentation.spec.ts:421:86

    attachment #1: screenshot (image/png) ──────────────────────────────────────────────────────────
    test-results/teacher-presentation-foote-0e6ba--without-approval-1920x1080-chromium/test-failed-1.png
    ────────────────────────────────────────────────────────────────────────────────────────────────

    attachment #2: video (video/webm) ──────────────────────────────────────────────────────────────
    test-results/teacher-presentation-foote-0e6ba--without-approval-1920x1080-chromium/video.webm
    ────────────────────────────────────────────────────────────────────────────────────────────────

    Error Context: test-results/teacher-presentation-foote-0e6ba--without-approval-1920x1080-chromium/error-context.md



(node:717603) Warning: The 'NO_COLOR' env is ignored due to the 'FORCE_COLOR' env being set.
(Use `node --trace-warnings ...` to show where the warning was created)

[18/48] [chromium] › e2e/teacher-presentation.spec.ts:430:5 › all five classroom workspaces stay unframed and clear of the footer at low height
  9) [chromium] › e2e/teacher-presentation.spec.ts:430:5 › all five classroom workspaces stay unframed and clear of the footer at low height 

    Error: expect(received).toEqual(expected) // deep equality

    - Expected  - 1
    + Received  + 4

    - Array []
    + Array [
    +   "GET /api/courses/e2e-teacher-presentation/public-discussion",
    +   "GET /api/courses/e2e-teacher-presentation/public-discussion/settings",
    + ]

      442 |     await page.getByRole("button", { name: "返回展示", exact: true }).click();
      443 |   }
    > 444 |   expect(fixture.unexpected).toEqual([]);
          |                              ^
      445 |   expect(fixture.errors).toEqual([]);
      446 | });
      447 |
        at /home/lkj/OpenPBL/openPBL/e2e/teacher-presentation.spec.ts:444:30

    attachment #1: workspace-0 (image/png) ─────────────────────────────────────────────────────────
    test-results/teacher-presentation-all-f-97573-of-the-footer-at-low-height-chromium/attachments/workspace-0-f8d98a1ff191da416484bfbe7750756a96dc1214.png
    ────────────────────────────────────────────────────────────────────────────────────────────────

    attachment #2: workspace-1 (image/png) ─────────────────────────────────────────────────────────
    test-results/teacher-presentation-all-f-97573-of-the-footer-at-low-height-chromium/attachments/workspace-1-b5bac002976697a2ac35bab9be3ec6d020a79781.png
    ────────────────────────────────────────────────────────────────────────────────────────────────

    attachment #3: workspace-2 (image/png) ─────────────────────────────────────────────────────────
    test-results/teacher-presentation-all-f-97573-of-the-footer-at-low-height-chromium/attachments/workspace-2-2ece0fe9de7b6488975d029b6a618215298556ba.png
    ────────────────────────────────────────────────────────────────────────────────────────────────

    attachment #4: workspace-3 (image/png) ─────────────────────────────────────────────────────────
    test-results/teacher-presentation-all-f-97573-of-the-footer-at-low-height-chromium/attachments/workspace-3-ea38b02bce98510fdf7d6f22fcd49a3468b8f82c.png
    ────────────────────────────────────────────────────────────────────────────────────────────────

    attachment #5: workspace-4 (image/png) ─────────────────────────────────────────────────────────
    test-results/teacher-presentation-all-f-97573-of-the-footer-at-low-height-chromium/attachments/workspace-4-dd4f0c7145fa087a442a428c6775a18babe782c2.png
    ────────────────────────────────────────────────────────────────────────────────────────────────

    attachment #6: screenshot (image/png) ──────────────────────────────────────────────────────────
    test-results/teacher-presentation-all-f-97573-of-the-footer-at-low-height-chromium/test-failed-1.png
    ────────────────────────────────────────────────────────────────────────────────────────────────

    attachment #7: video (video/webm) ──────────────────────────────────────────────────────────────
    test-results/teacher-presentation-all-f-97573-of-the-footer-at-low-height-chromium/video.webm
    ────────────────────────────────────────────────────────────────────────────────────────────────

    Error Context: test-results/teacher-presentation-all-f-97573-of-the-footer-at-low-height-chromium/error-context.md



(node:718533) Warning: The 'NO_COLOR' env is ignored due to the 'FORCE_COLOR' env being set.
(Use `node --trace-warnings ...` to show where the warning was created)

[19/48] [chromium] › e2e/teacher-presentation.spec.ts:472:7 › PDF slides remain visible and retain page across views 1024x576
  10) [chromium] › e2e/teacher-presentation.spec.ts:472:7 › PDF slides remain visible and retain page across views 1024x576 

    Error: expect(received).toBeGreaterThanOrEqual(expected)

    Expected: >= 44
    Received:    40

      203 |     await expect(control).toBeInViewport();
      204 |     const box = await control.boundingBox();
    > 205 |     expect(box?.height, `${name} click target`).toBeGreaterThanOrEqual(mode === "reflection" ? 40 : 44);
          |                         ^
      206 |   }
      207 | }
      208 |
        at assertNoPageOverflow (/home/lkj/OpenPBL/openPBL/e2e/teacher-presentation.spec.ts:205:25)
        at /home/lkj/OpenPBL/openPBL/e2e/teacher-presentation.spec.ts:492:5

    attachment #1: pdf-first-page (image/png) ──────────────────────────────────────────────────────
    test-results/teacher-presentation-PDF-s-61d7e--page-across-views-1024x576-chromium/attachments/pdf-first-page-dfbd877a823dfb8f358cfd7c0691e7e9554e19a7.png
    ────────────────────────────────────────────────────────────────────────────────────────────────

    attachment #2: pdf-preserved-second-page (image/png) ───────────────────────────────────────────
    test-results/teacher-presentation-PDF-s-61d7e--page-across-views-1024x576-chromium/attachments/pdf-preserved-second-page-ddecca8d2dbc2d2790527dcb9085d20fd7b7ce3d.png
    ────────────────────────────────────────────────────────────────────────────────────────────────

    attachment #3: screenshot (image/png) ──────────────────────────────────────────────────────────
    test-results/teacher-presentation-PDF-s-61d7e--page-across-views-1024x576-chromium/test-failed-1.png
    ────────────────────────────────────────────────────────────────────────────────────────────────

    attachment #4: video (video/webm) ──────────────────────────────────────────────────────────────
    test-results/teacher-presentation-PDF-s-61d7e--page-across-views-1024x576-chromium/video.webm
    ────────────────────────────────────────────────────────────────────────────────────────────────

    Error Context: test-results/teacher-presentation-PDF-s-61d7e--page-across-views-1024x576-chromium/error-context.md



(node:719256) Warning: The 'NO_COLOR' env is ignored due to the 'FORCE_COLOR' env being set.
(Use `node --trace-warnings ...` to show where the warning was created)

[20/48] [chromium] › e2e/teacher-presentation.spec.ts:498:7 › approved showcase PDF fits the presentation area 1024x576
  11) [chromium] › e2e/teacher-presentation.spec.ts:498:7 › approved showcase PDF fits the presentation area 1024x576 

    Error: expect(locator).toBeVisible() failed

    Locator: locator('canvas[aria-label="PDF 第 2 页"]').filter({ visible: true })
    Expected: visible
    Timeout: 5000ms
    Error: element(s) not found

    Call log:
      - Expect "toBeVisible" with timeout 5000ms
      - waiting for locator('canvas[aria-label="PDF 第 2 页"]').filter({ visible: true })


      448 | async function assertCanvasFits(page: Page, label: string) {
      449 |   const canvas = page.locator(`canvas[aria-label="${label}"]`).filter({ visible: true });
    > 450 |   await expect(canvas).toBeVisible();
          |                        ^
      451 |   await expect.poll(() => canvas.evaluate((node: HTMLCanvasElement) => node.width)).toBeGreaterThan(0);
      452 |   const geometry = await canvas.evaluate((node: HTMLCanvasElement) => {
      453 |     const bounds = node.getBoundingClientRect();
        at assertCanvasFits (/home/lkj/OpenPBL/openPBL/e2e/teacher-presentation.spec.ts:450:24)
        at /home/lkj/OpenPBL/openPBL/e2e/teacher-presentation.spec.ts:504:11

    attachment #1: screenshot (image/png) ──────────────────────────────────────────────────────────
    test-results/teacher-presentation-appro-5c154--presentation-area-1024x576-chromium/test-failed-1.png
    ────────────────────────────────────────────────────────────────────────────────────────────────

    attachment #2: video (video/webm) ──────────────────────────────────────────────────────────────
    test-results/teacher-presentation-appro-5c154--presentation-area-1024x576-chromium/video.webm
    ────────────────────────────────────────────────────────────────────────────────────────────────

    Error Context: test-results/teacher-presentation-appro-5c154--presentation-area-1024x576-chromium/error-context.md



(node:719744) Warning: The 'NO_COLOR' env is ignored due to the 'FORCE_COLOR' env being set.
(Use `node --trace-warnings ...` to show where the warning was created)

[21/48] [chromium] › e2e/teacher-presentation.spec.ts:472:7 › PDF slides remain visible and retain page across views 1920x1080
  12) [chromium] › e2e/teacher-presentation.spec.ts:472:7 › PDF slides remain visible and retain page across views 1920x1080 

    Error: expect(received).toBeGreaterThanOrEqual(expected)

    Expected: >= 44
    Received:    40

      203 |     await expect(control).toBeInViewport();
      204 |     const box = await control.boundingBox();
    > 205 |     expect(box?.height, `${name} click target`).toBeGreaterThanOrEqual(mode === "reflection" ? 40 : 44);
          |                         ^
      206 |   }
      207 | }
      208 |
        at assertNoPageOverflow (/home/lkj/OpenPBL/openPBL/e2e/teacher-presentation.spec.ts:205:25)
        at /home/lkj/OpenPBL/openPBL/e2e/teacher-presentation.spec.ts:492:5

    attachment #1: pdf-first-page (image/png) ──────────────────────────────────────────────────────
    test-results/teacher-presentation-PDF-s-53b43-page-across-views-1920x1080-chromium/attachments/pdf-first-page-0fc6a850af75877e4d5d6dcdbf3bb77163291bee.png
    ────────────────────────────────────────────────────────────────────────────────────────────────

    attachment #2: pdf-preserved-second-page (image/png) ───────────────────────────────────────────
    test-results/teacher-presentation-PDF-s-53b43-page-across-views-1920x1080-chromium/attachments/pdf-preserved-second-page-582feccedc73ad47227a93cae7bc214c63d42ecb.png
    ────────────────────────────────────────────────────────────────────────────────────────────────

    attachment #3: screenshot (image/png) ──────────────────────────────────────────────────────────
    test-results/teacher-presentation-PDF-s-53b43-page-across-views-1920x1080-chromium/test-failed-1.png
    ────────────────────────────────────────────────────────────────────────────────────────────────

    attachment #4: video (video/webm) ──────────────────────────────────────────────────────────────
    test-results/teacher-presentation-PDF-s-53b43-page-across-views-1920x1080-chromium/video.webm
    ────────────────────────────────────────────────────────────────────────────────────────────────

    Error Context: test-results/teacher-presentation-PDF-s-53b43-page-across-views-1920x1080-chromium/error-context.md



(node:720345) Warning: The 'NO_COLOR' env is ignored due to the 'FORCE_COLOR' env being set.
(Use `node --trace-warnings ...` to show where the warning was created)

[22/48] [chromium] › e2e/teacher-presentation.spec.ts:498:7 › approved showcase PDF fits the presentation area 1920x1080
  13) [chromium] › e2e/teacher-presentation.spec.ts:498:7 › approved showcase PDF fits the presentation area 1920x1080 

    Error: expect(locator).toBeVisible() failed

    Locator: locator('canvas[aria-label="PDF 第 2 页"]').filter({ visible: true })
    Expected: visible
    Timeout: 5000ms
    Error: element(s) not found

    Call log:
      - Expect "toBeVisible" with timeout 5000ms
      - waiting for locator('canvas[aria-label="PDF 第 2 页"]').filter({ visible: true })


      448 | async function assertCanvasFits(page: Page, label: string) {
      449 |   const canvas = page.locator(`canvas[aria-label="${label}"]`).filter({ visible: true });
    > 450 |   await expect(canvas).toBeVisible();
          |                        ^
      451 |   await expect.poll(() => canvas.evaluate((node: HTMLCanvasElement) => node.width)).toBeGreaterThan(0);
      452 |   const geometry = await canvas.evaluate((node: HTMLCanvasElement) => {
      453 |     const bounds = node.getBoundingClientRect();
        at assertCanvasFits (/home/lkj/OpenPBL/openPBL/e2e/teacher-presentation.spec.ts:450:24)
        at /home/lkj/OpenPBL/openPBL/e2e/teacher-presentation.spec.ts:504:11

    attachment #1: screenshot (image/png) ──────────────────────────────────────────────────────────
    test-results/teacher-presentation-appro-27090-presentation-area-1920x1080-chromium/test-failed-1.png
    ────────────────────────────────────────────────────────────────────────────────────────────────

    attachment #2: video (video/webm) ──────────────────────────────────────────────────────────────
    test-results/teacher-presentation-appro-27090-presentation-area-1920x1080-chromium/video.webm
    ────────────────────────────────────────────────────────────────────────────────────────────────

    Error Context: test-results/teacher-presentation-appro-27090-presentation-area-1920x1080-chromium/error-context.md



(node:720970) Warning: The 'NO_COLOR' env is ignored due to the 'FORCE_COLOR' env being set.
(Use `node --trace-warnings ...` to show where the warning was created)

[23/48] [chromium] › e2e/teacher-presentation.spec.ts:524:7 › projection layout 1280x720
  14) [chromium] › e2e/teacher-presentation.spec.ts:524:7 › projection layout 1280x720 ─────────────

    Error: expect(received).toBeGreaterThanOrEqual(expected)

    Expected: >= 44
    Received:    40

      203 |     await expect(control).toBeInViewport();
      204 |     const box = await control.boundingBox();
    > 205 |     expect(box?.height, `${name} click target`).toBeGreaterThanOrEqual(mode === "reflection" ? 40 : 44);
          |                         ^
      206 |   }
      207 | }
      208 |
        at assertNoPageOverflow (/home/lkj/OpenPBL/openPBL/e2e/teacher-presentation.spec.ts:205:25)
        at /home/lkj/OpenPBL/openPBL/e2e/teacher-presentation.spec.ts:528:5

    attachment #1: screenshot (image/png) ──────────────────────────────────────────────────────────
    test-results/teacher-presentation-projection-layout-1280x720-chromium/test-failed-1.png
    ────────────────────────────────────────────────────────────────────────────────────────────────

    attachment #2: video (video/webm) ──────────────────────────────────────────────────────────────
    test-results/teacher-presentation-projection-layout-1280x720-chromium/video.webm
    ────────────────────────────────────────────────────────────────────────────────────────────────

    Error Context: test-results/teacher-presentation-projection-layout-1280x720-chromium/error-context.md



(node:721439) Warning: The 'NO_COLOR' env is ignored due to the 'FORCE_COLOR' env being set.
(Use `node --trace-warnings ...` to show where the warning was created)

[24/48] [chromium] › e2e/teacher-presentation.spec.ts:524:7 › projection layout 1920x1080
  15) [chromium] › e2e/teacher-presentation.spec.ts:524:7 › projection layout 1920x1080 ────────────

    Error: expect(received).toBeGreaterThanOrEqual(expected)

    Expected: >= 44
    Received:    40

      203 |     await expect(control).toBeInViewport();
      204 |     const box = await control.boundingBox();
    > 205 |     expect(box?.height, `${name} click target`).toBeGreaterThanOrEqual(mode === "reflection" ? 40 : 44);
          |                         ^
      206 |   }
      207 | }
      208 |
        at assertNoPageOverflow (/home/lkj/OpenPBL/openPBL/e2e/teacher-presentation.spec.ts:205:25)
        at /home/lkj/OpenPBL/openPBL/e2e/teacher-presentation.spec.ts:528:5

    attachment #1: screenshot (image/png) ──────────────────────────────────────────────────────────
    test-results/teacher-presentation-projection-layout-1920x1080-chromium/test-failed-1.png
    ────────────────────────────────────────────────────────────────────────────────────────────────

    attachment #2: video (video/webm) ──────────────────────────────────────────────────────────────
    test-results/teacher-presentation-projection-layout-1920x1080-chromium/video.webm
    ────────────────────────────────────────────────────────────────────────────────────────────────

    Error Context: test-results/teacher-presentation-projection-layout-1920x1080-chromium/error-context.md



(node:721962) Warning: The 'NO_COLOR' env is ignored due to the 'FORCE_COLOR' env being set.
(Use `node --trace-warnings ...` to show where the warning was created)

[25/48] [chromium] › e2e/teacher-presentation.spec.ts:524:7 › projection layout 3840x2160
  16) [chromium] › e2e/teacher-presentation.spec.ts:524:7 › projection layout 3840x2160 ────────────

    Error: expect(received).toBeGreaterThanOrEqual(expected)

    Expected: >= 44
    Received:    40

      203 |     await expect(control).toBeInViewport();
      204 |     const box = await control.boundingBox();
    > 205 |     expect(box?.height, `${name} click target`).toBeGreaterThanOrEqual(mode === "reflection" ? 40 : 44);
          |                         ^
      206 |   }
      207 | }
      208 |
        at assertNoPageOverflow (/home/lkj/OpenPBL/openPBL/e2e/teacher-presentation.spec.ts:205:25)
        at /home/lkj/OpenPBL/openPBL/e2e/teacher-presentation.spec.ts:528:5

    attachment #1: screenshot (image/png) ──────────────────────────────────────────────────────────
    test-results/teacher-presentation-projection-layout-3840x2160-chromium/test-failed-1.png
    ────────────────────────────────────────────────────────────────────────────────────────────────

    attachment #2: video (video/webm) ──────────────────────────────────────────────────────────────
    test-results/teacher-presentation-projection-layout-3840x2160-chromium/video.webm
    ────────────────────────────────────────────────────────────────────────────────────────────────

    Error Context: test-results/teacher-presentation-projection-layout-3840x2160-chromium/error-context.md



(node:722370) Warning: The 'NO_COLOR' env is ignored due to the 'FORCE_COLOR' env being set.
(Use `node --trace-warnings ...` to show where the warning was created)

[26/48] [chromium] › e2e/teacher-presentation.spec.ts:524:7 › projection layout 1024x768
  17) [chromium] › e2e/teacher-presentation.spec.ts:524:7 › projection layout 1024x768 ─────────────

    Error: expect(received).toBeGreaterThanOrEqual(expected)

    Expected: >= 44
    Received:    40

      203 |     await expect(control).toBeInViewport();
      204 |     const box = await control.boundingBox();
    > 205 |     expect(box?.height, `${name} click target`).toBeGreaterThanOrEqual(mode === "reflection" ? 40 : 44);
          |                         ^
      206 |   }
      207 | }
      208 |
        at assertNoPageOverflow (/home/lkj/OpenPBL/openPBL/e2e/teacher-presentation.spec.ts:205:25)
        at /home/lkj/OpenPBL/openPBL/e2e/teacher-presentation.spec.ts:528:5

    attachment #1: screenshot (image/png) ──────────────────────────────────────────────────────────
    test-results/teacher-presentation-projection-layout-1024x768-chromium/test-failed-1.png
    ────────────────────────────────────────────────────────────────────────────────────────────────

    attachment #2: video (video/webm) ──────────────────────────────────────────────────────────────
    test-results/teacher-presentation-projection-layout-1024x768-chromium/video.webm
    ────────────────────────────────────────────────────────────────────────────────────────────────

    Error Context: test-results/teacher-presentation-projection-layout-1024x768-chromium/error-context.md



(node:722613) Warning: The 'NO_COLOR' env is ignored due to the 'FORCE_COLOR' env being set.
(Use `node --trace-warnings ...` to show where the warning was created)

[27/48] [chromium] › e2e/teacher-presentation.spec.ts:524:7 › projection layout 1024x576
  18) [chromium] › e2e/teacher-presentation.spec.ts:524:7 › projection layout 1024x576 ─────────────

    Error: expect(received).toBeGreaterThanOrEqual(expected)

    Expected: >= 44
    Received:    40

      203 |     await expect(control).toBeInViewport();
      204 |     const box = await control.boundingBox();
    > 205 |     expect(box?.height, `${name} click target`).toBeGreaterThanOrEqual(mode === "reflection" ? 40 : 44);
          |                         ^
      206 |   }
      207 | }
      208 |
        at assertNoPageOverflow (/home/lkj/OpenPBL/openPBL/e2e/teacher-presentation.spec.ts:205:25)
        at /home/lkj/OpenPBL/openPBL/e2e/teacher-presentation.spec.ts:528:5

    attachment #1: screenshot (image/png) ──────────────────────────────────────────────────────────
    test-results/teacher-presentation-projection-layout-1024x576-chromium/test-failed-1.png
    ────────────────────────────────────────────────────────────────────────────────────────────────

    attachment #2: video (video/webm) ──────────────────────────────────────────────────────────────
    test-results/teacher-presentation-projection-layout-1024x576-chromium/video.webm
    ────────────────────────────────────────────────────────────────────────────────────────────────

    Error Context: test-results/teacher-presentation-projection-layout-1024x576-chromium/error-context.md



(node:723099) Warning: The 'NO_COLOR' env is ignored due to the 'FORCE_COLOR' env being set.
(Use `node --trace-warnings ...` to show where the warning was created)

[28/48] [chromium] › e2e/teacher-presentation.spec.ts:524:7 › projection layout 390x844
  19) [chromium] › e2e/teacher-presentation.spec.ts:524:7 › projection layout 390x844 ──────────────

    Error: expect(received).toBeGreaterThanOrEqual(expected)

    Expected: >= 44
    Received:    40

      203 |     await expect(control).toBeInViewport();
      204 |     const box = await control.boundingBox();
    > 205 |     expect(box?.height, `${name} click target`).toBeGreaterThanOrEqual(mode === "reflection" ? 40 : 44);
          |                         ^
      206 |   }
      207 | }
      208 |
        at assertNoPageOverflow (/home/lkj/OpenPBL/openPBL/e2e/teacher-presentation.spec.ts:205:25)
        at /home/lkj/OpenPBL/openPBL/e2e/teacher-presentation.spec.ts:528:5

    attachment #1: screenshot (image/png) ──────────────────────────────────────────────────────────
    test-results/teacher-presentation-projection-layout-390x844-chromium/test-failed-1.png
    ────────────────────────────────────────────────────────────────────────────────────────────────

    attachment #2: video (video/webm) ──────────────────────────────────────────────────────────────
    test-results/teacher-presentation-projection-layout-390x844-chromium/video.webm
    ────────────────────────────────────────────────────────────────────────────────────────────────

    Error Context: test-results/teacher-presentation-projection-layout-390x844-chromium/error-context.md



(node:723646) Warning: The 'NO_COLOR' env is ignored due to the 'FORCE_COLOR' env being set.
(Use `node --trace-warnings ...` to show where the warning was created)

[29/48] [chromium] › e2e/teacher-presentation.spec.ts:545:5 › five stages retain controls, hide details on view/stage changes, and preserve save semantics
  20) [chromium] › e2e/teacher-presentation.spec.ts:545:5 › five stages retain controls, hide details on view/stage changes, and preserve save semantics 

    Error: expect(received).toBeGreaterThanOrEqual(expected)

    Expected: >= 44
    Received:    40

      203 |     await expect(control).toBeInViewport();
      204 |     const box = await control.boundingBox();
    > 205 |     expect(box?.height, `${name} click target`).toBeGreaterThanOrEqual(40);
          |                         ^
      206 |   }
      207 | }
      208 |
        at assertNoPageOverflow (/home/lkj/OpenPBL/openPBL/e2e/teacher-presentation.spec.ts:205:25)
        at /home/lkj/OpenPBL/openPBL/e2e/teacher-presentation.spec.ts:572:5

    attachment #1: stage-0-teaching (image/png) ────────────────────────────────────────────────────
    test-results/teacher-presentation-five--42117-and-preserve-save-semantics-chromium/attachments/stage-0-teaching-b4d9ba503c572a04d4032d470532b3671d3c5970.png
    ────────────────────────────────────────────────────────────────────────────────────────────────

    attachment #2: screenshot (image/png) ──────────────────────────────────────────────────────────
    test-results/teacher-presentation-five--42117-and-preserve-save-semantics-chromium/test-failed-1.png
    ────────────────────────────────────────────────────────────────────────────────────────────────

    attachment #3: video (video/webm) ──────────────────────────────────────────────────────────────
    test-results/teacher-presentation-five--42117-and-preserve-save-semantics-chromium/video.webm
    ────────────────────────────────────────────────────────────────────────────────────────────────

    Error Context: test-results/teacher-presentation-five--42117-and-preserve-save-semantics-chromium/error-context.md



(node:724246) Warning: The 'NO_COLOR' env is ignored due to the 'FORCE_COLOR' env being set.
(Use `node --trace-warnings ...` to show where the warning was created)

[30/48] [chromium] › e2e/teacher-presentation.spec.ts:600:5 › fullscreen denial falls back to an immersive window and Escape restores the workspace
[31/48] [chromium] › e2e/textbook-library.spec.ts:58:5 › textbook library → reading → evidence → real graph → fullscreen → keyboard search and history
[32/48] [chromium] › e2e/textbook-library.spec.ts:103:5 › mobile directory and evidence drawers; parsing and search failure recovery
[33/48] [chromium] › e2e/textbook-library.spec.ts:186:8 › reader visual acceptance 320x568
[34/48] [chromium] › e2e/textbook-library.spec.ts:186:8 › reader visual acceptance 430x932
[35/48] [chromium] › e2e/textbook-library.spec.ts:186:8 › reader visual acceptance 568x320
[36/48] [chromium] › e2e/textbook-library.spec.ts:186:8 › reader visual acceptance 932x430
[37/48] [chromium] › e2e/textbook-library.spec.ts:186:8 › reader visual acceptance 768x1024
[38/48] [chromium] › e2e/textbook-library.spec.ts:186:8 › reader visual acceptance 820x1180
[39/48] [chromium] › e2e/textbook-library.spec.ts:186:8 › reader visual acceptance 1024x576
[40/48] [chromium] › e2e/textbook-library.spec.ts:186:8 › reader visual acceptance 1024x768
[41/48] [chromium] › e2e/textbook-library.spec.ts:186:8 › reader visual acceptance 1180x820
[42/48] [chromium] › e2e/textbook-library.spec.ts:186:8 › reader visual acceptance 1280x720
[43/48] [chromium] › e2e/textbook-library.spec.ts:186:8 › reader visual acceptance 1366x768
[44/48] [chromium] › e2e/textbook-library.spec.ts:186:8 › reader visual acceptance 1440x900
[45/48] [chromium] › e2e/textbook-library.spec.ts:186:8 › reader visual acceptance 1920x1080
[46/48] [chromium] › e2e/textbook-library.spec.ts:186:8 › reader visual acceptance 2560x1440
[47/48] [chromium] › e2e/textbook-library.spec.ts:186:8 › reader visual acceptance 3840x2160
[48/48] [chromium] › e2e/textbook-library.spec.ts:193:5 › textbook library grid and list fit a 320px mobile screen
  20 failed
    [chromium] › e2e/teacher-presentation.spec.ts:305:7 › reflection questions show grounded clouds and per-option distributions 1024x576 
    [chromium] › e2e/teacher-presentation.spec.ts:305:7 › reflection questions show grounded clouds and per-option distributions 1280x720 
    [chromium] › e2e/teacher-presentation.spec.ts:305:7 › reflection questions show grounded clouds and per-option distributions 1024x768 
    [chromium] › e2e/teacher-presentation.spec.ts:305:7 › reflection questions show grounded clouds and per-option distributions 1920x1080 
    [chromium] › e2e/teacher-presentation.spec.ts:305:7 › reflection questions show grounded clouds and per-option distributions 3840x2160 
    [chromium] › e2e/teacher-presentation.spec.ts:305:7 › reflection questions show grounded clouds and per-option distributions 390x844 
    [chromium] › e2e/teacher-presentation.spec.ts:406:7 › footer starts the first ready showcase student without approval 1024x576 
    [chromium] › e2e/teacher-presentation.spec.ts:406:7 › footer starts the first ready showcase student without approval 1920x1080 
    [chromium] › e2e/teacher-presentation.spec.ts:430:5 › all five classroom workspaces stay unframed and clear of the footer at low height 
    [chromium] › e2e/teacher-presentation.spec.ts:472:7 › PDF slides remain visible and retain page across views 1024x576 
    [chromium] › e2e/teacher-presentation.spec.ts:498:7 › approved showcase PDF fits the presentation area 1024x576 
    [chromium] › e2e/teacher-presentation.spec.ts:472:7 › PDF slides remain visible and retain page across views 1920x1080 
    [chromium] › e2e/teacher-presentation.spec.ts:498:7 › approved showcase PDF fits the presentation area 1920x1080 
    [chromium] › e2e/teacher-presentation.spec.ts:524:7 › projection layout 1280x720 ───────────────
    [chromium] › e2e/teacher-presentation.spec.ts:524:7 › projection layout 1920x1080 ──────────────
    [chromium] › e2e/teacher-presentation.spec.ts:524:7 › projection layout 3840x2160 ──────────────
    [chromium] › e2e/teacher-presentation.spec.ts:524:7 › projection layout 1024x768 ───────────────
    [chromium] › e2e/teacher-presentation.spec.ts:524:7 › projection layout 1024x576 ───────────────
    [chromium] › e2e/teacher-presentation.spec.ts:524:7 › projection layout 390x844 ────────────────
    [chromium] › e2e/teacher-presentation.spec.ts:545:5 › five stages retain controls, hide details on view/stage changes, and preserve save semantics 
  28 passed (3.8m)
