
Running 48 tests using 1 worker


(node:697278) Warning: The 'NO_COLOR' env is ignored due to the 'FORCE_COLOR' env being set.
(Use `node --trace-warnings ...` to show where the warning was created)

[1/48] [chromium] › e2e/teacher-classroom-editor.spec.ts:310:5 › whiteboard text, narration, table, image and step history survive saving and reload
[2/48] [chromium] › e2e/teacher-classroom-editor.spec.ts:387:5 › chart values and all chart forms render and survive saving
[3/48] [chromium] › e2e/teacher-classroom-editor.spec.ts:427:5 › diagram labels and attached arrows follow edits, and derivations render styled formulas
[4/48] [chromium] › e2e/teacher-classroom-editor.spec.ts:463:7 › classroom editor and whiteboard controls fit 1024x576
[5/48] [chromium] › e2e/teacher-classroom-editor.spec.ts:463:7 › classroom editor and whiteboard controls fit 1440x900
[6/48] [chromium] › e2e/teacher-classroom-editor.spec.ts:463:7 › classroom editor and whiteboard controls fit 390x844
[7/48] [chromium] › e2e/teacher-classroom-editor.spec.ts:488:5 › mock model whiteboard edit updates the board, preserves other steps and supports restore/resume
[8/48] [chromium] › e2e/teacher-presentation.spec.ts:302:7 › reflection questions show grounded clouds and per-option distributions 1024x576
  1) [chromium] › e2e/teacher-presentation.spec.ts:302:7 › reflection questions show grounded clouds and per-option distributions 1024x576 

    Test timeout of 30000ms exceeded.

    Error: locator.scrollIntoViewIfNeeded: Test timeout of 30000ms exceeded.
    Call log:
      - waiting for getByRole('button', { name: '授课展示', exact: true })


      197 |   for (const name of ["退出全屏", "授课展示", "班级学情", "课堂操作", "计时", "工具", "教学建议", "结束课堂"]) {
      198 |     const control = page.getByRole("button", { name, exact: true });
    > 199 |     await control.scrollIntoViewIfNeeded();
          |                   ^
      200 |     await expect(control).toBeInViewport();
      201 |     const box = await control.boundingBox();
      202 |     expect(box?.height).toBeGreaterThanOrEqual(44);
        at assertNoPageOverflow (/home/lkj/OpenPBL/openPBL/e2e/teacher-presentation.spec.ts:199:19)
        at assertReflectionCloudFits (/home/lkj/OpenPBL/openPBL/e2e/teacher-presentation.spec.ts:298:3)
        at /home/lkj/OpenPBL/openPBL/e2e/teacher-presentation.spec.ts:313:5

    attachment #1: screenshot (image/png) ──────────────────────────────────────────────────────────
    test-results/teacher-presentation-refle-fb137-tion-distributions-1024x576-chromium/test-failed-1.png
    ────────────────────────────────────────────────────────────────────────────────────────────────

    attachment #2: video (video/webm) ──────────────────────────────────────────────────────────────
    test-results/teacher-presentation-refle-fb137-tion-distributions-1024x576-chromium/video.webm
    ────────────────────────────────────────────────────────────────────────────────────────────────

    Error Context: test-results/teacher-presentation-refle-fb137-tion-distributions-1024x576-chromium/error-context.md



(node:701642) Warning: The 'NO_COLOR' env is ignored due to the 'FORCE_COLOR' env being set.
(Use `node --trace-warnings ...` to show where the warning was created)

[9/48] [chromium] › e2e/teacher-presentation.spec.ts:302:7 › reflection questions show grounded clouds and per-option distributions 1280x720
  2) [chromium] › e2e/teacher-presentation.spec.ts:302:7 › reflection questions show grounded clouds and per-option distributions 1280x720 

    Test timeout of 30000ms exceeded.

    Error: locator.scrollIntoViewIfNeeded: Test timeout of 30000ms exceeded.
    Call log:
      - waiting for getByRole('button', { name: '授课展示', exact: true })


      197 |   for (const name of ["退出全屏", "授课展示", "班级学情", "课堂操作", "计时", "工具", "教学建议", "结束课堂"]) {
      198 |     const control = page.getByRole("button", { name, exact: true });
    > 199 |     await control.scrollIntoViewIfNeeded();
          |                   ^
      200 |     await expect(control).toBeInViewport();
      201 |     const box = await control.boundingBox();
      202 |     expect(box?.height).toBeGreaterThanOrEqual(44);
        at assertNoPageOverflow (/home/lkj/OpenPBL/openPBL/e2e/teacher-presentation.spec.ts:199:19)
        at assertReflectionCloudFits (/home/lkj/OpenPBL/openPBL/e2e/teacher-presentation.spec.ts:298:3)
        at /home/lkj/OpenPBL/openPBL/e2e/teacher-presentation.spec.ts:313:5

    attachment #1: screenshot (image/png) ──────────────────────────────────────────────────────────
    test-results/teacher-presentation-refle-4e1ef-tion-distributions-1280x720-chromium/test-failed-1.png
    ────────────────────────────────────────────────────────────────────────────────────────────────

    attachment #2: video (video/webm) ──────────────────────────────────────────────────────────────
    test-results/teacher-presentation-refle-4e1ef-tion-distributions-1280x720-chromium/video.webm
    ────────────────────────────────────────────────────────────────────────────────────────────────

    Error Context: test-results/teacher-presentation-refle-4e1ef-tion-distributions-1280x720-chromium/error-context.md



(node:703641) Warning: The 'NO_COLOR' env is ignored due to the 'FORCE_COLOR' env being set.
(Use `node --trace-warnings ...` to show where the warning was created)

[10/48] [chromium] › e2e/teacher-presentation.spec.ts:302:7 › reflection questions show grounded clouds and per-option distributions 1024x768
  3) [chromium] › e2e/teacher-presentation.spec.ts:302:7 › reflection questions show grounded clouds and per-option distributions 1024x768 

    Test timeout of 30000ms exceeded.

    Error: locator.scrollIntoViewIfNeeded: Test timeout of 30000ms exceeded.
    Call log:
      - waiting for getByRole('button', { name: '授课展示', exact: true })


      197 |   for (const name of ["退出全屏", "授课展示", "班级学情", "课堂操作", "计时", "工具", "教学建议", "结束课堂"]) {
      198 |     const control = page.getByRole("button", { name, exact: true });
    > 199 |     await control.scrollIntoViewIfNeeded();
          |                   ^
      200 |     await expect(control).toBeInViewport();
      201 |     const box = await control.boundingBox();
      202 |     expect(box?.height).toBeGreaterThanOrEqual(44);
        at assertNoPageOverflow (/home/lkj/OpenPBL/openPBL/e2e/teacher-presentation.spec.ts:199:19)
        at assertReflectionCloudFits (/home/lkj/OpenPBL/openPBL/e2e/teacher-presentation.spec.ts:298:3)
        at /home/lkj/OpenPBL/openPBL/e2e/teacher-presentation.spec.ts:313:5

    attachment #1: screenshot (image/png) ──────────────────────────────────────────────────────────
    test-results/teacher-presentation-refle-d981b-tion-distributions-1024x768-chromium/test-failed-1.png
    ────────────────────────────────────────────────────────────────────────────────────────────────

    attachment #2: video (video/webm) ──────────────────────────────────────────────────────────────
    test-results/teacher-presentation-refle-d981b-tion-distributions-1024x768-chromium/video.webm
    ────────────────────────────────────────────────────────────────────────────────────────────────

    Error Context: test-results/teacher-presentation-refle-d981b-tion-distributions-1024x768-chromium/error-context.md



(node:705320) Warning: The 'NO_COLOR' env is ignored due to the 'FORCE_COLOR' env being set.
(Use `node --trace-warnings ...` to show where the warning was created)

[11/48] [chromium] › e2e/teacher-presentation.spec.ts:302:7 › reflection questions show grounded clouds and per-option distributions 1920x1080
  4) [chromium] › e2e/teacher-presentation.spec.ts:302:7 › reflection questions show grounded clouds and per-option distributions 1920x1080 

    Test timeout of 30000ms exceeded.

    Error: locator.scrollIntoViewIfNeeded: Test timeout of 30000ms exceeded.
    Call log:
      - waiting for getByRole('button', { name: '授课展示', exact: true })


      197 |   for (const name of ["退出全屏", "授课展示", "班级学情", "课堂操作", "计时", "工具", "教学建议", "结束课堂"]) {
      198 |     const control = page.getByRole("button", { name, exact: true });
    > 199 |     await control.scrollIntoViewIfNeeded();
          |                   ^
      200 |     await expect(control).toBeInViewport();
      201 |     const box = await control.boundingBox();
      202 |     expect(box?.height).toBeGreaterThanOrEqual(44);
        at assertNoPageOverflow (/home/lkj/OpenPBL/openPBL/e2e/teacher-presentation.spec.ts:199:19)
        at assertReflectionCloudFits (/home/lkj/OpenPBL/openPBL/e2e/teacher-presentation.spec.ts:298:3)
        at /home/lkj/OpenPBL/openPBL/e2e/teacher-presentation.spec.ts:313:5

    attachment #1: screenshot (image/png) ──────────────────────────────────────────────────────────
    test-results/teacher-presentation-refle-de5f2-ion-distributions-1920x1080-chromium/test-failed-1.png
    ────────────────────────────────────────────────────────────────────────────────────────────────

    attachment #2: video (video/webm) ──────────────────────────────────────────────────────────────
    test-results/teacher-presentation-refle-de5f2-ion-distributions-1920x1080-chromium/video.webm
    ────────────────────────────────────────────────────────────────────────────────────────────────

    Error Context: test-results/teacher-presentation-refle-de5f2-ion-distributions-1920x1080-chromium/error-context.md



(node:707018) Warning: The 'NO_COLOR' env is ignored due to the 'FORCE_COLOR' env being set.
(Use `node --trace-warnings ...` to show where the warning was created)

[12/48] [chromium] › e2e/teacher-presentation.spec.ts:302:7 › reflection questions show grounded clouds and per-option distributions 3840x2160
  5) [chromium] › e2e/teacher-presentation.spec.ts:302:7 › reflection questions show grounded clouds and per-option distributions 3840x2160 

    Test timeout of 30000ms exceeded.

    Error: locator.scrollIntoViewIfNeeded: Test timeout of 30000ms exceeded.
    Call log:
      - waiting for getByRole('button', { name: '授课展示', exact: true })


      197 |   const controls = mode === "reflection"
      198 |     ? ["退出全屏", "题目目录", "课堂操作", "工具"]
    > 199 |     : ["退出全屏", "授课展示", "班级学情", "课堂操作", "计时", "工具", "教学建议", "结束课堂"];
          |                   ^
      200 |   for (const name of controls) {
      201 |     const control = page.getByRole("button", { name, exact: true });
      202 |     await control.scrollIntoViewIfNeeded();
        at assertNoPageOverflow (/home/lkj/OpenPBL/openPBL/e2e/teacher-presentation.spec.ts:199:19)
        at assertReflectionCloudFits (/home/lkj/OpenPBL/openPBL/e2e/teacher-presentation.spec.ts:298:3)
        at /home/lkj/OpenPBL/openPBL/e2e/teacher-presentation.spec.ts:313:5

    attachment #1: screenshot (image/png) ──────────────────────────────────────────────────────────
    test-results/teacher-presentation-refle-014ad-ion-distributions-3840x2160-chromium/test-failed-1.png
    ────────────────────────────────────────────────────────────────────────────────────────────────

    attachment #2: video (video/webm) ──────────────────────────────────────────────────────────────
    test-results/teacher-presentation-refle-014ad-ion-distributions-3840x2160-chromium/video.webm
    ────────────────────────────────────────────────────────────────────────────────────────────────

    Error Context: test-results/teacher-presentation-refle-014ad-ion-distributions-3840x2160-chromium/error-context.md



(node:709158) Warning: The 'NO_COLOR' env is ignored due to the 'FORCE_COLOR' env being set.
(Use `node --trace-warnings ...` to show where the warning was created)

[13/48] [chromium] › e2e/teacher-presentation.spec.ts:302:7 › reflection questions show grounded clouds and per-option distributions 390x844
  6) [chromium] › e2e/teacher-presentation.spec.ts:302:7 › reflection questions show grounded clouds and per-option distributions 390x844 

    Test was interrupted.

    Error: locator.scrollIntoViewIfNeeded: Test ended.
    Call log:
      - waiting for getByRole('button', { name: '授课展示', exact: true })


      197 |   const controls = mode === "reflection"
      198 |     ? ["退出全屏", "题目目录", "课堂操作", "工具"]
    > 199 |     : ["退出全屏", "授课展示", "班级学情", "课堂操作", "计时", "工具", "教学建议", "结束课堂"];
          |                   ^
      200 |   for (const name of controls) {
      201 |     const control = page.getByRole("button", { name, exact: true });
      202 |     await control.scrollIntoViewIfNeeded();
        at assertNoPageOverflow (/home/lkj/OpenPBL/openPBL/e2e/teacher-presentation.spec.ts:199:19)
        at assertReflectionCloudFits (/home/lkj/OpenPBL/openPBL/e2e/teacher-presentation.spec.ts:298:3)
        at /home/lkj/OpenPBL/openPBL/e2e/teacher-presentation.spec.ts:313:5

    attachment #1: screenshot (image/png) ──────────────────────────────────────────────────────────
    test-results/teacher-presentation-refle-e1a59-ption-distributions-390x844-chromium/test-failed-1.png
    ────────────────────────────────────────────────────────────────────────────────────────────────

    attachment #2: video (video/webm) ──────────────────────────────────────────────────────────────
    test-results/teacher-presentation-refle-e1a59-ption-distributions-390x844-chromium/video.webm
    ────────────────────────────────────────────────────────────────────────────────────────────────

    Error Context: test-results/teacher-presentation-refle-e1a59-ption-distributions-390x844-chromium/error-context.md


  5 failed
    [chromium] › e2e/teacher-presentation.spec.ts:302:7 › reflection questions show grounded clouds and per-option distributions 1024x576 
    [chromium] › e2e/teacher-presentation.spec.ts:302:7 › reflection questions show grounded clouds and per-option distributions 1280x720 
    [chromium] › e2e/teacher-presentation.spec.ts:302:7 › reflection questions show grounded clouds and per-option distributions 1024x768 
    [chromium] › e2e/teacher-presentation.spec.ts:302:7 › reflection questions show grounded clouds and per-option distributions 1920x1080 
    [chromium] › e2e/teacher-presentation.spec.ts:302:7 › reflection questions show grounded clouds and per-option distributions 3840x2160 
  1 interrupted
    [chromium] › e2e/teacher-presentation.spec.ts:302:7 › reflection questions show grounded clouds and per-option distributions 390x844 
  35 did not run
  7 passed (3.8m)
