
Running 71 tests using 1 worker


(node:886155) Warning: The 'NO_COLOR' env is ignored due to the 'FORCE_COLOR' env being set.
(Use `node --trace-warnings ...` to show where the warning was created)

[1/71] [chromium] › e2e/brand-logo-animation.spec.ts:6:5 › public pages use the concise CoTeach positioning
[2/71] [chromium] › e2e/brand-logo-animation.spec.ts:29:7 › brand plays automatically without controls on /
[3/71] [chromium] › e2e/brand-logo-animation.spec.ts:29:7 › brand plays automatically without controls on /teacher/login
[4/71] [chromium] › e2e/brand-logo-animation.spec.ts:29:7 › brand plays automatically without controls on /teacher/register
[5/71] [chromium] › e2e/brand-logo-animation.spec.ts:29:7 › brand plays automatically without controls on /student/login
[6/71] [chromium] › e2e/brand-logo-animation.spec.ts:29:7 › brand plays automatically without controls on /student/register
[7/71] [chromium] › e2e/brand-logo-animation.spec.ts:48:5 › the login logo remains complete instead of retracting or replaying
[8/71] [chromium] › e2e/brand-logo-animation.spec.ts:73:5 › paired pages open together, paired figures rise together, then the star appears
[9/71] [chromium] › e2e/brand-logo-animation.spec.ts:116:5 › mobile forms retain the logo without horizontal overflow
[10/71] [chromium] › e2e/brand-logo-animation.spec.ts:126:5 › home hero remains complete while its star and wordmark keep glowing
[11/71] [chromium] › e2e/brand-logo-animation.spec.ts:164:5 › home hero replays on refresh and client navigation back to home
[12/71] [chromium] › e2e/brand-logo-animation.spec.ts:180:5 › reduced motion shows the finished logo without animations
[13/71] [chromium] › e2e/brand-logo-animation.spec.ts:196:5 › home story starts on entry and pauses outside the viewport
[14/71] [chromium] › e2e/brand-logo-animation.spec.ts:208:5 › the server-rendered logo stays complete without JavaScript
[15/71] [chromium] › e2e/course-quality-review.spec.ts:9:46 › teacher publishes without auxiliary reports
[16/71] [chromium] › e2e/course-quality-review.spec.ts:9:46 › teacher publishes after a manual page check
[17/71] [chromium] › e2e/interactive-python-runtime.spec.ts:4:5 › repairs a persisted Python interaction that omitted the Pyodide loader
[18/71] [chromium] › e2e/resource-package-generation.spec.ts:138:7 › resource package confirmation and generation 390x844
[19/71] [chromium] › e2e/resource-package-generation.spec.ts:138:7 › resource package confirmation and generation 1280x720
[20/71] [chromium] › e2e/resource-package-generation.spec.ts:138:7 › resource package confirmation and generation 1920x1080
[21/71] [chromium] › e2e/resource-package-generation.spec.ts:189:5 › core conflict pauses confirmation and requires an explicit version-bound adaptation
[22/71] [chromium] › e2e/resource-package-launch.spec.ts:79:7 › package launch preview, ten pages and projection 1024x576
[23/71] [chromium] › e2e/resource-package-launch.spec.ts:79:7 › package launch preview, ten pages and projection 1920x1080
[24/71] [chromium] › e2e/teacher-classroom-editor.spec.ts:310:5 › whiteboard text, narration, table, image and step history survive saving and reload
[25/71] [chromium] › e2e/teacher-classroom-editor.spec.ts:387:5 › chart values and all chart forms render and survive saving
[26/71] [chromium] › e2e/teacher-classroom-editor.spec.ts:427:5 › diagram labels and attached arrows follow edits, and derivations render styled formulas
[27/71] [chromium] › e2e/teacher-classroom-editor.spec.ts:463:7 › classroom editor and whiteboard controls fit 1024x576
[28/71] [chromium] › e2e/teacher-classroom-editor.spec.ts:463:7 › classroom editor and whiteboard controls fit 1440x900
[29/71] [chromium] › e2e/teacher-classroom-editor.spec.ts:463:7 › classroom editor and whiteboard controls fit 390x844
[30/71] [chromium] › e2e/teacher-classroom-editor.spec.ts:488:5 › mock model whiteboard edit updates the board, preserves other steps and supports restore/resume
[31/71] [chromium] › e2e/teacher-presentation.spec.ts:314:7 › reflection questions show grounded clouds and per-option distributions 1024x576
[32/71] [chromium] › e2e/teacher-presentation.spec.ts:314:7 › reflection questions show grounded clouds and per-option distributions 1280x720
[33/71] [chromium] › e2e/teacher-presentation.spec.ts:314:7 › reflection questions show grounded clouds and per-option distributions 1024x768
[34/71] [chromium] › e2e/teacher-presentation.spec.ts:314:7 › reflection questions show grounded clouds and per-option distributions 1920x1080
[35/71] [chromium] › e2e/teacher-presentation.spec.ts:314:7 › reflection questions show grounded clouds and per-option distributions 3840x2160
[36/71] [chromium] › e2e/teacher-presentation.spec.ts:314:7 › reflection questions show grounded clouds and per-option distributions 390x844
[37/71] [chromium] › e2e/teacher-presentation.spec.ts:384:5 › empty reflection questions keep all zero choices and never fabricate a cloud
[38/71] [chromium] › e2e/teacher-presentation.spec.ts:399:5 › custom course reflection questions ground each cloud in that question's original answer
[39/71] [chromium] › e2e/teacher-presentation.spec.ts:418:7 › footer starts the first ready showcase student without approval 1024x576
[40/71] [chromium] › e2e/teacher-presentation.spec.ts:418:7 › footer starts the first ready showcase student without approval 1920x1080
[41/71] [chromium] › e2e/teacher-presentation.spec.ts:442:5 › all five classroom workspaces stay unframed and clear of the footer at low height
[42/71] [chromium] › e2e/teacher-presentation.spec.ts:484:7 › PDF slides remain visible and retain page across views 1024x576
[43/71] [chromium] › e2e/teacher-presentation.spec.ts:510:7 › approved showcase PDF fits the presentation area 1024x576
[44/71] [chromium] › e2e/teacher-presentation.spec.ts:484:7 › PDF slides remain visible and retain page across views 1920x1080
[45/71] [chromium] › e2e/teacher-presentation.spec.ts:510:7 › approved showcase PDF fits the presentation area 1920x1080
[46/71] [chromium] › e2e/teacher-presentation.spec.ts:536:7 › projection layout 1280x720
[47/71] [chromium] › e2e/teacher-presentation.spec.ts:536:7 › projection layout 1920x1080
[48/71] [chromium] › e2e/teacher-presentation.spec.ts:536:7 › projection layout 3840x2160
[49/71] [chromium] › e2e/teacher-presentation.spec.ts:536:7 › projection layout 1024x768
[50/71] [chromium] › e2e/teacher-presentation.spec.ts:536:7 › projection layout 1024x576
[51/71] [chromium] › e2e/teacher-presentation.spec.ts:536:7 › projection layout 390x844
[52/71] [chromium] › e2e/teacher-presentation.spec.ts:557:5 › five stages retain controls, hide details on view/stage changes, and preserve save semantics
[53/71] [chromium] › e2e/teacher-presentation.spec.ts:608:5 › fullscreen denial falls back to an immersive window and Escape restores the workspace
[54/71] [chromium] › e2e/textbook-library.spec.ts:58:5 › textbook library → reading → evidence → real graph → fullscreen → keyboard search and history
[55/71] [chromium] › e2e/textbook-library.spec.ts:103:5 › mobile directory and evidence drawers; parsing and search failure recovery
[56/71] [chromium] › e2e/textbook-library.spec.ts:186:8 › reader visual acceptance 320x568
[57/71] [chromium] › e2e/textbook-library.spec.ts:186:8 › reader visual acceptance 430x932
[58/71] [chromium] › e2e/textbook-library.spec.ts:186:8 › reader visual acceptance 568x320
[59/71] [chromium] › e2e/textbook-library.spec.ts:186:8 › reader visual acceptance 932x430
[60/71] [chromium] › e2e/textbook-library.spec.ts:186:8 › reader visual acceptance 768x1024
[61/71] [chromium] › e2e/textbook-library.spec.ts:186:8 › reader visual acceptance 820x1180
[62/71] [chromium] › e2e/textbook-library.spec.ts:186:8 › reader visual acceptance 1024x576
[63/71] [chromium] › e2e/textbook-library.spec.ts:186:8 › reader visual acceptance 1024x768
[64/71] [chromium] › e2e/textbook-library.spec.ts:186:8 › reader visual acceptance 1180x820
[65/71] [chromium] › e2e/textbook-library.spec.ts:186:8 › reader visual acceptance 1280x720
[66/71] [chromium] › e2e/textbook-library.spec.ts:186:8 › reader visual acceptance 1366x768
[67/71] [chromium] › e2e/textbook-library.spec.ts:186:8 › reader visual acceptance 1440x900
[68/71] [chromium] › e2e/textbook-library.spec.ts:186:8 › reader visual acceptance 1920x1080
[69/71] [chromium] › e2e/textbook-library.spec.ts:186:8 › reader visual acceptance 2560x1440
[70/71] [chromium] › e2e/textbook-library.spec.ts:186:8 › reader visual acceptance 3840x2160
[71/71] [chromium] › e2e/textbook-library.spec.ts:193:5 › textbook library grid and list fit a 320px mobile screen
  71 passed (4.7m)
