
Running 71 tests using 1 worker


(node:834837) Warning: The 'NO_COLOR' env is ignored due to the 'FORCE_COLOR' env being set.
(Use `node --trace-warnings ...` to show where the warning was created)

[1/71] [chromium] › e2e/brand-logo-animation.spec.ts:6:5 › public pages use the concise CoTeach positioning
[2/71] [chromium] › e2e/brand-logo-animation.spec.ts:29:7 › brand plays automatically without controls on /
[3/71] [chromium] › e2e/brand-logo-animation.spec.ts:29:7 › brand plays automatically without controls on /teacher/login
[4/71] [chromium] › e2e/brand-logo-animation.spec.ts:29:7 › brand plays automatically without controls on /teacher/register
[5/71] [chromium] › e2e/brand-logo-animation.spec.ts:29:7 › brand plays automatically without controls on /student/login
[6/71] [chromium] › e2e/brand-logo-animation.spec.ts:29:7 › brand plays automatically without controls on /student/register
[7/71] [chromium] › e2e/brand-logo-animation.spec.ts:48:5 › the login logo remains complete instead of retracting or replaying
[8/71] [chromium] › e2e/brand-logo-animation.spec.ts:73:5 › paired pages open together, paired figures rise together, then the star appears
[9/71] [chromium] › e2e/brand-logo-animation.spec.ts:116:5 › mobile forms retain the logo without horizontal overflow
[10/71] [chromium] › e2e/brand-logo-animation.spec.ts:126:5 › home hero remains complete while its star and wordmark keep glowing
[11/71] [chromium] › e2e/brand-logo-animation.spec.ts:164:5 › home hero replays on refresh and client navigation back to home
[12/71] [chromium] › e2e/brand-logo-animation.spec.ts:180:5 › reduced motion shows the finished logo without animations
[13/71] [chromium] › e2e/brand-logo-animation.spec.ts:196:5 › home story starts on entry and pauses outside the viewport
[14/71] [chromium] › e2e/brand-logo-animation.spec.ts:208:5 › the server-rendered logo stays complete without JavaScript
[15/71] [chromium] › e2e/course-quality-review.spec.ts:9:46 › teacher publishes without auxiliary reports
[16/71] [chromium] › e2e/course-quality-review.spec.ts:9:46 › teacher publishes after a manual page check
[17/71] [chromium] › e2e/interactive-python-runtime.spec.ts:4:5 › repairs a persisted Python interaction that omitted the Pyodide loader
[18/71] [chromium] › e2e/resource-package-generation.spec.ts:138:7 › resource package confirmation and generation 390x844
[19/71] [chromium] › e2e/resource-package-generation.spec.ts:138:7 › resource package confirmation and generation 1280x720
[20/71] [chromium] › e2e/resource-package-generation.spec.ts:138:7 › resource package confirmation and generation 1920x1080
[21/71] [chromium] › e2e/resource-package-generation.spec.ts:189:5 › core conflict pauses confirmation and requires an explicit version-bound adaptation
[22/71] [chromium] › e2e/resource-package-launch.spec.ts:79:7 › package launch preview, ten pages and projection 1024x576
[23/71] [chromium] › e2e/resource-package-launch.spec.ts:79:7 › package launch preview, ten pages and projection 1920x1080
[24/71] [chromium] › e2e/teacher-classroom-editor.spec.ts:310:5 › whiteboard text, narration, table, image and step history survive saving and reload
[25/71] [chromium] › e2e/teacher-classroom-editor.spec.ts:387:5 › chart values and all chart forms render and survive saving
[26/71] [chromium] › e2e/teacher-classroom-editor.spec.ts:427:5 › diagram labels and attached arrows follow edits, and derivations render styled formulas
[27/71] [chromium] › e2e/teacher-classroom-editor.spec.ts:463:7 › classroom editor and whiteboard controls fit 1024x576
[28/71] [chromium] › e2e/teacher-classroom-editor.spec.ts:463:7 › classroom editor and whiteboard controls fit 1440x900
[29/71] [chromium] › e2e/teacher-classroom-editor.spec.ts:463:7 › classroom editor and whiteboard controls fit 390x844
[30/71] [chromium] › e2e/teacher-classroom-editor.spec.ts:488:5 › mock model whiteboard edit updates the board, preserves other steps and supports restore/resume
[31/71] [chromium] › e2e/teacher-presentation.spec.ts:308:7 › reflection questions show grounded clouds and per-option distributions 1024x576
  1) [chromium] › e2e/teacher-presentation.spec.ts:308:7 › reflection questions show grounded clouds and per-option distributions 1024x576 

    Test timeout of 30000ms exceeded.

    Error: locator.click: Test timeout of 30000ms exceeded.
    Call log:
      - waiting for getByRole('button', { name: '班级学情', exact: true })


      354 |     await page.getByRole("button", { name: "上一道反思题", exact: true }).click();
      355 |     await expect(board.getByRole("heading", { name: REFLECTION_SURVEY_QUESTIONS.systemUsability, exact: true })).toBeVisible();
    > 356 |     await page.getByRole("button", { name: "班级学情", exact: true }).click();
          |                                                                   ^
      357 |     const analytics = page.getByRole("region", { name: "班级学情大屏", exact: true });
      358 |     await page.getByRole("combobox", { name: "选择反思题目" }).selectOption("0");
      359 |     await expect(analytics.getByRole("heading", { name: REFLECTION_SURVEY_QUESTIONS.learningReflection, exact: true })).toBeVisible();
        at /home/lkj/OpenPBL/openPBL/e2e/teacher-presentation.spec.ts:356:67

    attachment #1: reflection-learning-cloud (image/png) ───────────────────────────────────────────
    docs/audits/2026-09-25-prelaunch/evidence/interactive-e2e-artifacts/teacher-presentation-refle-fb137-tion-distributions-1024x576-chromium/attachments/reflection-learning-cloud-e9567d8e7dd216ac93247c68e64e65d8ab233b50.png
    ────────────────────────────────────────────────────────────────────────────────────────────────

    attachment #2: reflection-system-cloud (image/png) ─────────────────────────────────────────────
    docs/audits/2026-09-25-prelaunch/evidence/interactive-e2e-artifacts/teacher-presentation-refle-fb137-tion-distributions-1024x576-chromium/attachments/reflection-system-cloud-d3b78411ecc4d75c0ab876003d2e0e9976aee27e.png
    ────────────────────────────────────────────────────────────────────────────────────────────────

    attachment #3: reflection-scale-distribution (image/png) ───────────────────────────────────────
    docs/audits/2026-09-25-prelaunch/evidence/interactive-e2e-artifacts/teacher-presentation-refle-fb137-tion-distributions-1024x576-chromium/attachments/reflection-scale-distribution-7c2f11e3ea87e68060757910fd157029e0398727.png
    ────────────────────────────────────────────────────────────────────────────────────────────────

    attachment #4: screenshot (image/png) ──────────────────────────────────────────────────────────
    docs/audits/2026-09-25-prelaunch/evidence/interactive-e2e-artifacts/teacher-presentation-refle-fb137-tion-distributions-1024x576-chromium/test-failed-1.png
    ────────────────────────────────────────────────────────────────────────────────────────────────

    attachment #5: video (video/webm) ──────────────────────────────────────────────────────────────
    docs/audits/2026-09-25-prelaunch/evidence/interactive-e2e-artifacts/teacher-presentation-refle-fb137-tion-distributions-1024x576-chromium/video.webm
    ────────────────────────────────────────────────────────────────────────────────────────────────

    Error Context: docs/audits/2026-09-25-prelaunch/evidence/interactive-e2e-artifacts/teacher-presentation-refle-fb137-tion-distributions-1024x576-chromium/error-context.md



(node:846120) Warning: The 'NO_COLOR' env is ignored due to the 'FORCE_COLOR' env being set.
(Use `node --trace-warnings ...` to show where the warning was created)

[32/71] [chromium] › e2e/teacher-presentation.spec.ts:308:7 › reflection questions show grounded clouds and per-option distributions 1280x720
  2) [chromium] › e2e/teacher-presentation.spec.ts:308:7 › reflection questions show grounded clouds and per-option distributions 1280x720 

    Test timeout of 30000ms exceeded.

    Error: locator.click: Test timeout of 30000ms exceeded.
    Call log:
      - waiting for getByRole('button', { name: '班级学情', exact: true })


      354 |     await page.getByRole("button", { name: "上一道反思题", exact: true }).click();
      355 |     await expect(board.getByRole("heading", { name: REFLECTION_SURVEY_QUESTIONS.systemUsability, exact: true })).toBeVisible();
    > 356 |     await page.getByRole("button", { name: "班级学情", exact: true }).click();
          |                                                                   ^
      357 |     const analytics = page.getByRole("region", { name: "班级学情大屏", exact: true });
      358 |     await page.getByRole("combobox", { name: "选择反思题目" }).selectOption("0");
      359 |     await expect(analytics.getByRole("heading", { name: REFLECTION_SURVEY_QUESTIONS.learningReflection, exact: true })).toBeVisible();
        at /home/lkj/OpenPBL/openPBL/e2e/teacher-presentation.spec.ts:356:67

    attachment #1: reflection-learning-cloud (image/png) ───────────────────────────────────────────
    docs/audits/2026-09-25-prelaunch/evidence/interactive-e2e-artifacts/teacher-presentation-refle-4e1ef-tion-distributions-1280x720-chromium/attachments/reflection-learning-cloud-b54c887f0d9957f6826261db9e9e3bd3bddc6497.png
    ────────────────────────────────────────────────────────────────────────────────────────────────

    attachment #2: reflection-system-cloud (image/png) ─────────────────────────────────────────────
    docs/audits/2026-09-25-prelaunch/evidence/interactive-e2e-artifacts/teacher-presentation-refle-4e1ef-tion-distributions-1280x720-chromium/attachments/reflection-system-cloud-0775b3bb6e5ea523e91c6f101091fcd1926e1046.png
    ────────────────────────────────────────────────────────────────────────────────────────────────

    attachment #3: reflection-scale-distribution (image/png) ───────────────────────────────────────
    docs/audits/2026-09-25-prelaunch/evidence/interactive-e2e-artifacts/teacher-presentation-refle-4e1ef-tion-distributions-1280x720-chromium/attachments/reflection-scale-distribution-47c0620992418c32c8ac97a362b38fee1fb9ad89.png
    ────────────────────────────────────────────────────────────────────────────────────────────────

    attachment #4: screenshot (image/png) ──────────────────────────────────────────────────────────
    docs/audits/2026-09-25-prelaunch/evidence/interactive-e2e-artifacts/teacher-presentation-refle-4e1ef-tion-distributions-1280x720-chromium/test-failed-1.png
    ────────────────────────────────────────────────────────────────────────────────────────────────

    attachment #5: video (video/webm) ──────────────────────────────────────────────────────────────
    docs/audits/2026-09-25-prelaunch/evidence/interactive-e2e-artifacts/teacher-presentation-refle-4e1ef-tion-distributions-1280x720-chromium/video.webm
    ────────────────────────────────────────────────────────────────────────────────────────────────

    Error Context: docs/audits/2026-09-25-prelaunch/evidence/interactive-e2e-artifacts/teacher-presentation-refle-4e1ef-tion-distributions-1280x720-chromium/error-context.md



(node:847732) Warning: The 'NO_COLOR' env is ignored due to the 'FORCE_COLOR' env being set.
(Use `node --trace-warnings ...` to show where the warning was created)

[33/71] [chromium] › e2e/teacher-presentation.spec.ts:308:7 › reflection questions show grounded clouds and per-option distributions 1024x768
  3) [chromium] › e2e/teacher-presentation.spec.ts:308:7 › reflection questions show grounded clouds and per-option distributions 1024x768 

    Test timeout of 30000ms exceeded.

    Error: locator.click: Test timeout of 30000ms exceeded.
    Call log:
      - waiting for getByRole('button', { name: '班级学情', exact: true })


      354 |     await page.getByRole("button", { name: "上一道反思题", exact: true }).click();
      355 |     await expect(board.getByRole("heading", { name: REFLECTION_SURVEY_QUESTIONS.systemUsability, exact: true })).toBeVisible();
    > 356 |     await page.getByRole("button", { name: "班级学情", exact: true }).click();
          |                                                                   ^
      357 |     const analytics = page.getByRole("region", { name: "班级学情大屏", exact: true });
      358 |     await page.getByRole("combobox", { name: "选择反思题目" }).selectOption("0");
      359 |     await expect(analytics.getByRole("heading", { name: REFLECTION_SURVEY_QUESTIONS.learningReflection, exact: true })).toBeVisible();
        at /home/lkj/OpenPBL/openPBL/e2e/teacher-presentation.spec.ts:356:67

    attachment #1: reflection-learning-cloud (image/png) ───────────────────────────────────────────
    docs/audits/2026-09-25-prelaunch/evidence/interactive-e2e-artifacts/teacher-presentation-refle-d981b-tion-distributions-1024x768-chromium/attachments/reflection-learning-cloud-606bc48d501d5ff401bbebb8dda12763bb609372.png
    ────────────────────────────────────────────────────────────────────────────────────────────────

    attachment #2: reflection-system-cloud (image/png) ─────────────────────────────────────────────
    docs/audits/2026-09-25-prelaunch/evidence/interactive-e2e-artifacts/teacher-presentation-refle-d981b-tion-distributions-1024x768-chromium/attachments/reflection-system-cloud-280776cbb7f580d5d83cf9a35f5be61f834534a6.png
    ────────────────────────────────────────────────────────────────────────────────────────────────

    attachment #3: reflection-scale-distribution (image/png) ───────────────────────────────────────
    docs/audits/2026-09-25-prelaunch/evidence/interactive-e2e-artifacts/teacher-presentation-refle-d981b-tion-distributions-1024x768-chromium/attachments/reflection-scale-distribution-6fe73721477782ff81772d26ac4e2db3485c5713.png
    ────────────────────────────────────────────────────────────────────────────────────────────────

    attachment #4: screenshot (image/png) ──────────────────────────────────────────────────────────
    docs/audits/2026-09-25-prelaunch/evidence/interactive-e2e-artifacts/teacher-presentation-refle-d981b-tion-distributions-1024x768-chromium/test-failed-1.png
    ────────────────────────────────────────────────────────────────────────────────────────────────

    attachment #5: video (video/webm) ──────────────────────────────────────────────────────────────
    docs/audits/2026-09-25-prelaunch/evidence/interactive-e2e-artifacts/teacher-presentation-refle-d981b-tion-distributions-1024x768-chromium/video.webm
    ────────────────────────────────────────────────────────────────────────────────────────────────

    Error Context: docs/audits/2026-09-25-prelaunch/evidence/interactive-e2e-artifacts/teacher-presentation-refle-d981b-tion-distributions-1024x768-chromium/error-context.md



(node:849109) Warning: The 'NO_COLOR' env is ignored due to the 'FORCE_COLOR' env being set.
(Use `node --trace-warnings ...` to show where the warning was created)

[34/71] [chromium] › e2e/teacher-presentation.spec.ts:308:7 › reflection questions show grounded clouds and per-option distributions 1920x1080
  4) [chromium] › e2e/teacher-presentation.spec.ts:308:7 › reflection questions show grounded clouds and per-option distributions 1920x1080 

    Test timeout of 30000ms exceeded.

    Error: locator.click: Test timeout of 30000ms exceeded.
    Call log:
      - waiting for getByRole('button', { name: '班级学情', exact: true })


      354 |     await page.getByRole("button", { name: "上一道反思题", exact: true }).click();
      355 |     await expect(board.getByRole("heading", { name: REFLECTION_SURVEY_QUESTIONS.systemUsability, exact: true })).toBeVisible();
    > 356 |     await page.getByRole("button", { name: "班级学情", exact: true }).click();
          |                                                                   ^
      357 |     const analytics = page.getByRole("region", { name: "班级学情大屏", exact: true });
      358 |     await page.getByRole("combobox", { name: "选择反思题目" }).selectOption("0");
      359 |     await expect(analytics.getByRole("heading", { name: REFLECTION_SURVEY_QUESTIONS.learningReflection, exact: true })).toBeVisible();
        at /home/lkj/OpenPBL/openPBL/e2e/teacher-presentation.spec.ts:356:67

    attachment #1: reflection-learning-cloud (image/png) ───────────────────────────────────────────
    docs/audits/2026-09-25-prelaunch/evidence/interactive-e2e-artifacts/teacher-presentation-refle-de5f2-ion-distributions-1920x1080-chromium/attachments/reflection-learning-cloud-f4908d49eafcb256a11dc6957c8a505cd2f3f645.png
    ────────────────────────────────────────────────────────────────────────────────────────────────

    attachment #2: reflection-system-cloud (image/png) ─────────────────────────────────────────────
    docs/audits/2026-09-25-prelaunch/evidence/interactive-e2e-artifacts/teacher-presentation-refle-de5f2-ion-distributions-1920x1080-chromium/attachments/reflection-system-cloud-17c39aa3116ab06904684acc8b9849efb4710867.png
    ────────────────────────────────────────────────────────────────────────────────────────────────

    attachment #3: reflection-scale-distribution (image/png) ───────────────────────────────────────
    docs/audits/2026-09-25-prelaunch/evidence/interactive-e2e-artifacts/teacher-presentation-refle-de5f2-ion-distributions-1920x1080-chromium/attachments/reflection-scale-distribution-d30e9a47a3e47315eb16db29f27b25f0b6722dc6.png
    ────────────────────────────────────────────────────────────────────────────────────────────────

    attachment #4: screenshot (image/png) ──────────────────────────────────────────────────────────
    docs/audits/2026-09-25-prelaunch/evidence/interactive-e2e-artifacts/teacher-presentation-refle-de5f2-ion-distributions-1920x1080-chromium/test-failed-1.png
    ────────────────────────────────────────────────────────────────────────────────────────────────

    attachment #5: video (video/webm) ──────────────────────────────────────────────────────────────
    docs/audits/2026-09-25-prelaunch/evidence/interactive-e2e-artifacts/teacher-presentation-refle-de5f2-ion-distributions-1920x1080-chromium/video.webm
    ────────────────────────────────────────────────────────────────────────────────────────────────

    Error Context: docs/audits/2026-09-25-prelaunch/evidence/interactive-e2e-artifacts/teacher-presentation-refle-de5f2-ion-distributions-1920x1080-chromium/error-context.md



(node:850928) Warning: The 'NO_COLOR' env is ignored due to the 'FORCE_COLOR' env being set.
(Use `node --trace-warnings ...` to show where the warning was created)

[35/71] [chromium] › e2e/teacher-presentation.spec.ts:308:7 › reflection questions show grounded clouds and per-option distributions 3840x2160
  5) [chromium] › e2e/teacher-presentation.spec.ts:308:7 › reflection questions show grounded clouds and per-option distributions 3840x2160 

    Test timeout of 30000ms exceeded.

    Error: locator.click: Test timeout of 30000ms exceeded.
    Call log:
      - waiting for getByRole('button', { name: '班级学情', exact: true })


      354 |     await page.getByRole("button", { name: "上一道反思题", exact: true }).click();
      355 |     await expect(board.getByRole("heading", { name: REFLECTION_SURVEY_QUESTIONS.systemUsability, exact: true })).toBeVisible();
    > 356 |     await page.getByRole("button", { name: "查看本题回答", exact: true }).click();
          |                                                                   ^
      357 |     const allAnswers = page.getByRole("dialog", { name: "本题回答 · 3 人", exact: true });
      358 |     await expect(allAnswers).toContainText("私密学生1");
      359 |     await expect(allAnswers).toContainText("私密学生3");
        at /home/lkj/OpenPBL/openPBL/e2e/teacher-presentation.spec.ts:356:67

    attachment #1: reflection-learning-cloud (image/png) ───────────────────────────────────────────
    docs/audits/2026-09-25-prelaunch/evidence/interactive-e2e-artifacts/teacher-presentation-refle-014ad-ion-distributions-3840x2160-chromium/attachments/reflection-learning-cloud-b97647e78c2719e689ad24899b847f29403bb3ad.png
    ────────────────────────────────────────────────────────────────────────────────────────────────

    attachment #2: reflection-system-cloud (image/png) ─────────────────────────────────────────────
    docs/audits/2026-09-25-prelaunch/evidence/interactive-e2e-artifacts/teacher-presentation-refle-014ad-ion-distributions-3840x2160-chromium/attachments/reflection-system-cloud-2880cdcf4f477059b1e11c17d8579eab622628d5.png
    ────────────────────────────────────────────────────────────────────────────────────────────────

    attachment #3: reflection-scale-distribution (image/png) ───────────────────────────────────────
    docs/audits/2026-09-25-prelaunch/evidence/interactive-e2e-artifacts/teacher-presentation-refle-014ad-ion-distributions-3840x2160-chromium/attachments/reflection-scale-distribution-0520d721d419f89f56f3067ef3c9c07dc740b7a5.png
    ────────────────────────────────────────────────────────────────────────────────────────────────

    attachment #4: screenshot (image/png) ──────────────────────────────────────────────────────────
    docs/audits/2026-09-25-prelaunch/evidence/interactive-e2e-artifacts/teacher-presentation-refle-014ad-ion-distributions-3840x2160-chromium/test-failed-1.png
    ────────────────────────────────────────────────────────────────────────────────────────────────

    attachment #5: video (video/webm) ──────────────────────────────────────────────────────────────
    docs/audits/2026-09-25-prelaunch/evidence/interactive-e2e-artifacts/teacher-presentation-refle-014ad-ion-distributions-3840x2160-chromium/video.webm
    ────────────────────────────────────────────────────────────────────────────────────────────────

    Error Context: docs/audits/2026-09-25-prelaunch/evidence/interactive-e2e-artifacts/teacher-presentation-refle-014ad-ion-distributions-3840x2160-chromium/error-context.md



(node:852612) Warning: The 'NO_COLOR' env is ignored due to the 'FORCE_COLOR' env being set.
(Use `node --trace-warnings ...` to show where the warning was created)

[36/71] [chromium] › e2e/teacher-presentation.spec.ts:308:7 › reflection questions show grounded clouds and per-option distributions 390x844
  6) [chromium] › e2e/teacher-presentation.spec.ts:308:7 › reflection questions show grounded clouds and per-option distributions 390x844 

    Error: expect(locator).toBeInViewport() failed

    Locator:  getByRole('button', { name: '上一道反思题', exact: true })
    Expected: in viewport
    Received: viewport ratio 0.988095223903656
    Timeout:  5000ms

    Call log:
      - Expect "toBeInViewport" with timeout 5000ms
      - waiting for getByRole('button', { name: '上一道反思题', exact: true })
        14 × locator resolved to <button type="button" aria-label="上一道反思题">…</button>
           - unexpected value "viewport ratio 0.988095223903656"


      300 |   expect(bounds.height).toBeGreaterThan(80);
      301 |   expect(bounds.clipped).toEqual([]);
    > 302 |   for (const name of ["上一道反思题", "下一道反思题"]) await expect(page.getByRole("button", { name, exact: true })).toBeInViewport({ ratio: 1 });
          |                                                                                                          ^
      303 |   await expect(page.getByRole("combobox", { name: "选择反思题目" })).toBeInViewport({ ratio: 1 });
      304 |   await assertNoPageOverflow(page, "reflection");
      305 | }
        at assertReflectionCloudFits (/home/lkj/OpenPBL/openPBL/e2e/teacher-presentation.spec.ts:302:106)
        at /home/lkj/OpenPBL/openPBL/e2e/teacher-presentation.spec.ts:331:5

    attachment #1: reflection-learning-cloud (image/png) ───────────────────────────────────────────
    docs/audits/2026-09-25-prelaunch/evidence/interactive-e2e-artifacts/teacher-presentation-refle-e1a59-ption-distributions-390x844-chromium/attachments/reflection-learning-cloud-499ebea4a6f03c37e230a042fd99158c51427aed.png
    ────────────────────────────────────────────────────────────────────────────────────────────────

    attachment #2: screenshot (image/png) ──────────────────────────────────────────────────────────
    docs/audits/2026-09-25-prelaunch/evidence/interactive-e2e-artifacts/teacher-presentation-refle-e1a59-ption-distributions-390x844-chromium/test-failed-1.png
    ────────────────────────────────────────────────────────────────────────────────────────────────

    attachment #3: video (video/webm) ──────────────────────────────────────────────────────────────
    docs/audits/2026-09-25-prelaunch/evidence/interactive-e2e-artifacts/teacher-presentation-refle-e1a59-ption-distributions-390x844-chromium/video.webm
    ────────────────────────────────────────────────────────────────────────────────────────────────

    Error Context: docs/audits/2026-09-25-prelaunch/evidence/interactive-e2e-artifacts/teacher-presentation-refle-e1a59-ption-distributions-390x844-chromium/error-context.md



(node:854094) Warning: The 'NO_COLOR' env is ignored due to the 'FORCE_COLOR' env being set.
(Use `node --trace-warnings ...` to show where the warning was created)

[37/71] [chromium] › e2e/teacher-presentation.spec.ts:375:5 › empty reflection questions keep all zero choices and never fabricate a cloud
[38/71] [chromium] › e2e/teacher-presentation.spec.ts:390:5 › custom course reflection questions ground each cloud in that question's original answer
[39/71] [chromium] › e2e/teacher-presentation.spec.ts:409:7 › footer starts the first ready showcase student without approval 1024x576
[40/71] [chromium] › e2e/teacher-presentation.spec.ts:409:7 › footer starts the first ready showcase student without approval 1920x1080
[41/71] [chromium] › e2e/teacher-presentation.spec.ts:433:5 › all five classroom workspaces stay unframed and clear of the footer at low height
[42/71] [chromium] › e2e/teacher-presentation.spec.ts:475:7 › PDF slides remain visible and retain page across views 1024x576
[43/71] [chromium] › e2e/teacher-presentation.spec.ts:501:7 › approved showcase PDF fits the presentation area 1024x576
[44/71] [chromium] › e2e/teacher-presentation.spec.ts:475:7 › PDF slides remain visible and retain page across views 1920x1080
[45/71] [chromium] › e2e/teacher-presentation.spec.ts:501:7 › approved showcase PDF fits the presentation area 1920x1080
[46/71] [chromium] › e2e/teacher-presentation.spec.ts:527:7 › projection layout 1280x720
[47/71] [chromium] › e2e/teacher-presentation.spec.ts:527:7 › projection layout 1920x1080
[48/71] [chromium] › e2e/teacher-presentation.spec.ts:527:7 › projection layout 3840x2160
[49/71] [chromium] › e2e/teacher-presentation.spec.ts:527:7 › projection layout 1024x768
[50/71] [chromium] › e2e/teacher-presentation.spec.ts:527:7 › projection layout 1024x576
[51/71] [chromium] › e2e/teacher-presentation.spec.ts:527:7 › projection layout 390x844
[52/71] [chromium] › e2e/teacher-presentation.spec.ts:548:5 › five stages retain controls, hide details on view/stage changes, and preserve save semantics
  7) [chromium] › e2e/teacher-presentation.spec.ts:548:5 › five stages retain controls, hide details on view/stage changes, and preserve save semantics 

    Test timeout of 60000ms exceeded.

    Error: locator.click: Test timeout of 60000ms exceeded.
    Call log:
      - waiting for getByRole('button', { name: '授课展示', exact: true })


      562 |   for (let index = 0; index < DEFAULT_STAGES.length; index++) {
      563 |     if (index > 0) {
    > 564 |       await page.getByRole("combobox", { name: "全屏教学阶段" }).selectOption(String(index));
          |                                                                   ^
      565 |       const dialog = page.getByRole("dialog");
      566 |       await expect(dialog).toBeVisible();
      567 |       await dialog.getByRole("button", { name: /进入“/ }).click();
        at /home/lkj/OpenPBL/openPBL/e2e/teacher-presentation.spec.ts:564:67

    attachment #1: stage-0-teaching (image/png) ────────────────────────────────────────────────────
    docs/audits/2026-09-25-prelaunch/evidence/interactive-e2e-artifacts/teacher-presentation-five--42117-and-preserve-save-semantics-chromium/attachments/stage-0-teaching-6a3a7c11cc94deb4f8ca4bda13b7f621798c7403.png
    ────────────────────────────────────────────────────────────────────────────────────────────────

    attachment #2: stage-0-analytics (image/png) ───────────────────────────────────────────────────
    docs/audits/2026-09-25-prelaunch/evidence/interactive-e2e-artifacts/teacher-presentation-five--42117-and-preserve-save-semantics-chromium/attachments/stage-0-analytics-2360e540c545442a2cda017fa59c522ee8d051ab.png
    ────────────────────────────────────────────────────────────────────────────────────────────────

    attachment #3: stage-1-teaching (image/png) ────────────────────────────────────────────────────
    docs/audits/2026-09-25-prelaunch/evidence/interactive-e2e-artifacts/teacher-presentation-five--42117-and-preserve-save-semantics-chromium/attachments/stage-1-teaching-9ab18163e956677ebae19f7cb86ba81ffe6ecfd6.png
    ────────────────────────────────────────────────────────────────────────────────────────────────

    attachment #4: stage-1-analytics (image/png) ───────────────────────────────────────────────────
    docs/audits/2026-09-25-prelaunch/evidence/interactive-e2e-artifacts/teacher-presentation-five--42117-and-preserve-save-semantics-chromium/attachments/stage-1-analytics-95daea6788499abda93991f07cc582b2318cb9a1.png
    ────────────────────────────────────────────────────────────────────────────────────────────────

    attachment #5: stage-2-teaching (image/png) ────────────────────────────────────────────────────
    docs/audits/2026-09-25-prelaunch/evidence/interactive-e2e-artifacts/teacher-presentation-five--42117-and-preserve-save-semantics-chromium/attachments/stage-2-teaching-04b16ab698f90b991645ef93aac42378d95bb8da.png
    ────────────────────────────────────────────────────────────────────────────────────────────────

    attachment #6: stage-2-analytics (image/png) ───────────────────────────────────────────────────
    docs/audits/2026-09-25-prelaunch/evidence/interactive-e2e-artifacts/teacher-presentation-five--42117-and-preserve-save-semantics-chromium/attachments/stage-2-analytics-bb50d8e7e4e3a91fa65bb28f35e00bc85583a0eb.png
    ────────────────────────────────────────────────────────────────────────────────────────────────

    attachment #7: stage-3-teaching (image/png) ────────────────────────────────────────────────────
    docs/audits/2026-09-25-prelaunch/evidence/interactive-e2e-artifacts/teacher-presentation-five--42117-and-preserve-save-semantics-chromium/attachments/stage-3-teaching-3829f549756631ac2db9269a02071cdcfb901bf6.png
    ────────────────────────────────────────────────────────────────────────────────────────────────

    attachment #8: stage-3-analytics (image/png) ───────────────────────────────────────────────────
    docs/audits/2026-09-25-prelaunch/evidence/interactive-e2e-artifacts/teacher-presentation-five--42117-and-preserve-save-semantics-chromium/attachments/stage-3-analytics-15d7497354957c7469edffc707d183275931b667.png
    ────────────────────────────────────────────────────────────────────────────────────────────────

    attachment #9: screenshot (image/png) ──────────────────────────────────────────────────────────
    docs/audits/2026-09-25-prelaunch/evidence/interactive-e2e-artifacts/teacher-presentation-five--42117-and-preserve-save-semantics-chromium/test-failed-1.png
    ────────────────────────────────────────────────────────────────────────────────────────────────

    attachment #10: video (video/webm) ─────────────────────────────────────────────────────────────
    docs/audits/2026-09-25-prelaunch/evidence/interactive-e2e-artifacts/teacher-presentation-five--42117-and-preserve-save-semantics-chromium/video.webm
    ────────────────────────────────────────────────────────────────────────────────────────────────

    Error Context: docs/audits/2026-09-25-prelaunch/evidence/interactive-e2e-artifacts/teacher-presentation-five--42117-and-preserve-save-semantics-chromium/error-context.md



(node:866606) Warning: The 'NO_COLOR' env is ignored due to the 'FORCE_COLOR' env being set.
(Use `node --trace-warnings ...` to show where the warning was created)

[53/71] [chromium] › e2e/teacher-presentation.spec.ts:603:5 › fullscreen denial falls back to an immersive window and Escape restores the workspace
[54/71] [chromium] › e2e/textbook-library.spec.ts:58:5 › textbook library → reading → evidence → real graph → fullscreen → keyboard search and history
[55/71] [chromium] › e2e/textbook-library.spec.ts:103:5 › mobile directory and evidence drawers; parsing and search failure recovery
[56/71] [chromium] › e2e/textbook-library.spec.ts:186:8 › reader visual acceptance 320x568
[57/71] [chromium] › e2e/textbook-library.spec.ts:186:8 › reader visual acceptance 430x932
[58/71] [chromium] › e2e/textbook-library.spec.ts:186:8 › reader visual acceptance 568x320
[59/71] [chromium] › e2e/textbook-library.spec.ts:186:8 › reader visual acceptance 932x430
[60/71] [chromium] › e2e/textbook-library.spec.ts:186:8 › reader visual acceptance 768x1024
[61/71] [chromium] › e2e/textbook-library.spec.ts:186:8 › reader visual acceptance 820x1180
[62/71] [chromium] › e2e/textbook-library.spec.ts:186:8 › reader visual acceptance 1024x576
[63/71] [chromium] › e2e/textbook-library.spec.ts:186:8 › reader visual acceptance 1024x768
[64/71] [chromium] › e2e/textbook-library.spec.ts:186:8 › reader visual acceptance 1180x820
[65/71] [chromium] › e2e/textbook-library.spec.ts:186:8 › reader visual acceptance 1280x720
[66/71] [chromium] › e2e/textbook-library.spec.ts:186:8 › reader visual acceptance 1366x768
[67/71] [chromium] › e2e/textbook-library.spec.ts:186:8 › reader visual acceptance 1440x900
[68/71] [chromium] › e2e/textbook-library.spec.ts:186:8 › reader visual acceptance 1920x1080
[69/71] [chromium] › e2e/textbook-library.spec.ts:186:8 › reader visual acceptance 2560x1440
[70/71] [chromium] › e2e/textbook-library.spec.ts:186:8 › reader visual acceptance 3840x2160
[71/71] [chromium] › e2e/textbook-library.spec.ts:193:5 › textbook library grid and list fit a 320px mobile screen
  7 failed
    [chromium] › e2e/teacher-presentation.spec.ts:308:7 › reflection questions show grounded clouds and per-option distributions 1024x576 
    [chromium] › e2e/teacher-presentation.spec.ts:308:7 › reflection questions show grounded clouds and per-option distributions 1280x720 
    [chromium] › e2e/teacher-presentation.spec.ts:308:7 › reflection questions show grounded clouds and per-option distributions 1024x768 
    [chromium] › e2e/teacher-presentation.spec.ts:308:7 › reflection questions show grounded clouds and per-option distributions 1920x1080 
    [chromium] › e2e/teacher-presentation.spec.ts:308:7 › reflection questions show grounded clouds and per-option distributions 3840x2160 
    [chromium] › e2e/teacher-presentation.spec.ts:308:7 › reflection questions show grounded clouds and per-option distributions 390x844 
    [chromium] › e2e/teacher-presentation.spec.ts:548:5 › five stages retain controls, hide details on view/stage changes, and preserve save semantics 
  64 passed (8.1m)
