checked desktop-768x576: 1 scenarios
checked desktop-768x768: 1 scenarios
checked desktop-1024x768: 1 scenarios
checked desktop-1280x720: 1 scenarios
checked desktop-1366x768: 1 scenarios
checked desktop-1440x900: 1 scenarios
checked desktop-1920x1080: 1 scenarios
checked desktop-2560x1440: 1 scenarios
checked desktop-3840x2160: 1 scenarios
checked desktop-1024x576: 1 scenarios
{
  "output": "/home/lkj/OpenPBL/openPBL/docs/audits/2026-09-25-prelaunch/evidence/long-copy/webkit",
  "browser": "webkit",
  "browserVersion": "26.5",
  "dpr": 1,
  "scenarios": 1,
  "devices": 10,
  "checks": 10,
  "failures": 0,
  "failedChecks": []
}
