
Running 1 test using 1 worker


(node:804415) Warning: The 'NO_COLOR' env is ignored due to the 'FORCE_COLOR' env being set.
(Use `node --trace-warnings ...` to show where the warning was created)

[1/1] [chromium] › e2e/resource-package-generation.spec.ts:138:7 › resource package confirmation and generation 390x844
  1) [chromium] › e2e/resource-package-generation.spec.ts:138:7 › resource package confirmation and generation 390x844 

    Error: expect(locator).toHaveValue(expected) failed

    Locator: getByLabel('教学对象 / 学段（必填）')
    Expected: "本科一年级"
    Timeout: 5000ms
    Error: element(s) not found

    Call log:
      - Expect "toHaveValue" with timeout 5000ms
      - waiting for getByLabel('教学对象 / 学段（必填）')


      153 |     await expect(page.getByRole("progressbar", { name: "资源包解析进度" })).toBeVisible();
      154 |     await expect(page.getByLabel("上传课堂资源包")).toBeDisabled();
    > 155 |     await expect(page.getByLabel("教学对象 / 学段（必填）")).toHaveValue("本科一年级");
          |                                                    ^
      156 |     await expect(page.getByLabel("课程总分钟数（必填）")).toHaveValue("135");
      157 |     await expect(page.getByText("必须覆盖的知识点 · 6 类", { exact: true })).toBeVisible();
      158 |     const confirm = page.getByRole("button", { name: "确认并保存教学要求", exact: true });
        at /home/lkj/OpenPBL/openPBL/e2e/resource-package-generation.spec.ts:155:52

    attachment #1: package-required (image/png) ────────────────────────────────────────────────────
    test-results/resource-package-generatio-3cdc1-tion-and-generation-390x844-chromium/attachments/package-required-6e0a2dac44901eb8718ffed1a2aad31acbc68810.png
    ────────────────────────────────────────────────────────────────────────────────────────────────

    attachment #2: screenshot (image/png) ──────────────────────────────────────────────────────────
    test-results/resource-package-generatio-3cdc1-tion-and-generation-390x844-chromium/test-failed-1.png
    ────────────────────────────────────────────────────────────────────────────────────────────────

    attachment #3: video (video/webm) ──────────────────────────────────────────────────────────────
    test-results/resource-package-generatio-3cdc1-tion-and-generation-390x844-chromium/video.webm
    ────────────────────────────────────────────────────────────────────────────────────────────────

    Error Context: test-results/resource-package-generatio-3cdc1-tion-and-generation-390x844-chromium/error-context.md


  1 failed
    [chromium] › e2e/resource-package-generation.spec.ts:138:7 › resource package confirmation and generation 390x844 
