
Running 15 tests using 1 worker


(node:829205) Warning: The 'NO_COLOR' env is ignored due to the 'FORCE_COLOR' env being set.
(Use `node --trace-warnings ...` to show where the warning was created)

[1/15] [chromium] › e2e/brand-logo-animation.spec.ts:6:5 › public pages use the concise CoTeach positioning
[2/15] [chromium] › e2e/brand-logo-animation.spec.ts:29:7 › brand plays automatically without controls on /
[3/15] [chromium] › e2e/brand-logo-animation.spec.ts:29:7 › brand plays automatically without controls on /teacher/login
[4/15] [chromium] › e2e/brand-logo-animation.spec.ts:29:7 › brand plays automatically without controls on /teacher/register
[5/15] [chromium] › e2e/brand-logo-animation.spec.ts:29:7 › brand plays automatically without controls on /student/login
[6/15] [chromium] › e2e/brand-logo-animation.spec.ts:29:7 › brand plays automatically without controls on /student/register
[7/15] [chromium] › e2e/brand-logo-animation.spec.ts:48:5 › the login logo remains complete instead of retracting or replaying
[8/15] [chromium] › e2e/brand-logo-animation.spec.ts:73:5 › paired pages open together, paired figures rise together, then the star appears
[9/15] [chromium] › e2e/brand-logo-animation.spec.ts:116:5 › mobile forms retain the logo without horizontal overflow
[10/15] [chromium] › e2e/brand-logo-animation.spec.ts:126:5 › home hero remains complete while its star and wordmark keep glowing
[11/15] [chromium] › e2e/brand-logo-animation.spec.ts:164:5 › home hero replays on refresh and client navigation back to home
  1) [chromium] › e2e/brand-logo-animation.spec.ts:164:5 › home hero replays on refresh and client navigation back to home 

    Error: locator.evaluate: TypeError: Cannot read properties of undefined (reading 'currentTime')
        at eval (eval at evaluate (:303:30), <anonymous>:1:45)
        at UtilityScript.evaluate (<anonymous>:305:16)
        at UtilityScript.<anonymous> (<anonymous>:1:44)
        at eval (eval at evaluate (:303:30), <anonymous>:1:45)
        at UtilityScript.evaluate (<anonymous>:305:16)
        at UtilityScript.<anonymous> (<anonymous>:1:44)
        at entranceTime (/home/lkj/OpenPBL/openPBL/e2e/brand-logo-animation.spec.ts:171:74)
        at /home/lkj/OpenPBL/openPBL/e2e/brand-logo-animation.spec.ts:178:16

    attachment #1: screenshot (image/png) ──────────────────────────────────────────────────────────
    docs/audits/2026-09-25-prelaunch/evidence/runtime-artifacts/brand-logo-animation-home--66b91-ent-navigation-back-to-home-chromium/test-failed-1.png
    ────────────────────────────────────────────────────────────────────────────────────────────────

    attachment #2: video (video/webm) ──────────────────────────────────────────────────────────────
    docs/audits/2026-09-25-prelaunch/evidence/runtime-artifacts/brand-logo-animation-home--66b91-ent-navigation-back-to-home-chromium/video.webm
    ────────────────────────────────────────────────────────────────────────────────────────────────

    Error Context: docs/audits/2026-09-25-prelaunch/evidence/runtime-artifacts/brand-logo-animation-home--66b91-ent-navigation-back-to-home-chromium/error-context.md



(node:830239) Warning: The 'NO_COLOR' env is ignored due to the 'FORCE_COLOR' env being set.
(Use `node --trace-warnings ...` to show where the warning was created)

[12/15] [chromium] › e2e/brand-logo-animation.spec.ts:181:5 › reduced motion shows the finished logo without animations
[13/15] [chromium] › e2e/brand-logo-animation.spec.ts:197:5 › home story starts on entry and pauses outside the viewport
[14/15] [chromium] › e2e/brand-logo-animation.spec.ts:209:5 › the server-rendered logo stays complete without JavaScript
[15/15] [chromium] › e2e/interactive-python-runtime.spec.ts:4:5 › repairs a persisted Python interaction that omitted the Pyodide loader
  1 failed
    [chromium] › e2e/brand-logo-animation.spec.ts:164:5 › home hero replays on refresh and client navigation back to home 
  14 passed (32.9s)
