
Running 3 tests using 1 worker

[1/3] [webkit] › e2e/teacher-classroom-editor.spec.ts:392:5 › video playback shows a retry when the browser denies automatic play
  1) [webkit] › e2e/teacher-classroom-editor.spec.ts:392:5 › video playback shows a retry when the browser denies automatic play 

    Error: Error: expect(locator).toBeVisible() failed

    Locator: getByRole('button', { name: '打开页面目录' })
    Expected: visible
    Timeout: 5000ms
    Error: element(s) not found

    Call log:
      - Expect "toBeVisible" with timeout 5000ms
      - waiting for getByRole('button', { name: '打开页面目录' })

    {"closeEvents":["pointerdown"]}

      448 |   } catch (error) {
      449 |     const closeEvents = await page.evaluate(() => (window as Window & { __prelaunchCloseEvents?: string[] }).__prelaunchCloseEvents);
    > 450 |     throw new Error(`${String(error)}\n${JSON.stringify({ closeEvents })}`);
          |           ^
      451 |   }
      452 |   await expect(alert.getByRole('button', { name: '重试' })).toBeVisible();
      453 |   await alert.scrollIntoViewIfNeeded();
        at /home/lkj/OpenPBL/openPBL/e2e/teacher-classroom-editor.spec.ts:450:11

    attachment #1: screenshot (image/png) ──────────────────────────────────────────────────────────
    test-results/prelaunch-video-webkit-events/teacher-classroom-editor-v-4c85d-owser-denies-automatic-play-webkit/test-failed-1.png
    ────────────────────────────────────────────────────────────────────────────────────────────────

    attachment #3: video (video/webm) ──────────────────────────────────────────────────────────────
    test-results/prelaunch-video-webkit-events/teacher-classroom-editor-v-4c85d-owser-denies-automatic-play-webkit/video.webm
    ────────────────────────────────────────────────────────────────────────────────────────────────

    Error Context: test-results/prelaunch-video-webkit-events/teacher-classroom-editor-v-4c85d-owser-denies-automatic-play-webkit/error-context.md


[2/3] [webkit] › e2e/teacher-classroom-editor.spec.ts:392:5 › video playback shows a retry when the browser denies automatic play
[3/3] [webkit] › e2e/teacher-classroom-editor.spec.ts:392:5 › video playback shows a retry when the browser denies automatic play
  2) [webkit] › e2e/teacher-classroom-editor.spec.ts:392:5 › video playback shows a retry when the browser denies automatic play 

    Error: expect(locator).toBeVisible() failed

    Locator: getByRole('button', { name: '收起页面目录' })
    Expected: visible
    Timeout: 5000ms
    Error: element(s) not found

    Call log:
      - Expect "toBeVisible" with timeout 5000ms
      - waiting for getByRole('button', { name: '收起页面目录' })


      433 |   await expect(page.getByRole('button', { name: '收起页面目录' })).toBeHidden();
      434 |   await page.getByRole('button', { name: '打开页面目录' }).click();
    > 435 |   await expect(page.getByRole('button', { name: '收起页面目录' })).toBeVisible();
          |                                                              ^
      436 |   await expect.poll(() => page.locator('[data-testid="scene-list"]').evaluate((list) =>
      437 |     list.parentElement?.parentElement?.getBoundingClientRect().width ?? 0)).toBeGreaterThan(210);
      438 |   await page.evaluate(() => {
        at /home/lkj/OpenPBL/openPBL/e2e/teacher-classroom-editor.spec.ts:435:62

    attachment #1: screenshot (image/png) ──────────────────────────────────────────────────────────
    test-results/prelaunch-video-webkit-events/teacher-classroom-editor-v-4c85d-owser-denies-automatic-play-webkit-repeat2/test-failed-1.png
    ────────────────────────────────────────────────────────────────────────────────────────────────

    attachment #3: video (video/webm) ──────────────────────────────────────────────────────────────
    test-results/prelaunch-video-webkit-events/teacher-classroom-editor-v-4c85d-owser-denies-automatic-play-webkit-repeat2/video.webm
    ────────────────────────────────────────────────────────────────────────────────────────────────

    Error Context: test-results/prelaunch-video-webkit-events/teacher-classroom-editor-v-4c85d-owser-denies-automatic-play-webkit-repeat2/error-context.md


  2 failed
    [webkit] › e2e/teacher-classroom-editor.spec.ts:392:5 › video playback shows a retry when the browser denies automatic play 
    [webkit] › e2e/teacher-classroom-editor.spec.ts:392:5 › video playback shows a retry when the browser denies automatic play 
  1 passed (1.2m)
