通过 isolated-database-migration
通过 isolated-redis-start
通过 isolated-production-build: 复用本次验收构建
通过 isolated-app-start
通过 teacher-register-real-login-cookie
通过 textbook-docx-upload-parse-search-persistence
通过 teacher/textbook-reader
通过 pdf-upload-download-range-and-isolated-storage
通过 teacher-course-chapter-invite-persistence
通过 teacher-four-activity-types-created
通过 student-invite-register-real-login-cookie
通过 role-boundaries-and-invalid-activity
通过 student-assignment-submit-reload
通过 student-quiz-submit-reload
通过 student-form-submit-reload
通过 student-resource-submit-reload
通过 student-assignment-browser-edit-reload
通过 student-quiz-browser-edit-reload
通过 student-form-browser-edit-reload
通过 student-resource-browser-edit-reload
通过 teacher-survey-sees-student-submission
通过 classroom-create-start-enter-and-workspace-reload
通过 classroom-artifact-stage-reflection-evaluation-finish
通过 teacher/classes
通过 teacher/course-detail
通过 teacher/students
通过 teacher/survey
通过 teacher/templates
通过 teacher/template-create
通过 teacher/pbl-create
通过 teacher/textbook-library
通过 teacher/experiment
通过 student/courses
通过 student/course-detail
通过 student/profile
通过 student/assignment
通过 student/survey
通过 student/invalid-activity-recovery
通过 student/participation
通过 teacher/participation
通过 teacher/classroom-record
通过 student-deep-link-back-forward-new-tab
通过 redirect-/teacher: /teacher/classes
通过 redirect-/teacher/classes/f3b76c00-899e-4ddd-97f1-8403189a8453/access: /teacher/classes/f3b76c00-899e-4ddd-97f1-8403189a8453
通过 redirect-/student: /student/courses/f3b76c00-899e-4ddd-97f1-8403189a8453
通过 anonymous-/teacher/classes-login-return: /teacher/login
通过 anonymous-/student/profile-login-return: /student/login
通过 teacher-and-student-reload-persisted-course
通过 student/reset-password
通过 expired-student-deep-link-redirects-to-login
通过 student-password-reset-invalidates-session-and-relogin
通过 teacher-logout-invalidates-session
