(node:832961) [MODULE_TYPELESS_PACKAGE_JSON] Warning: Module type of file:///home/lkj/OpenPBL/openPBL/packages/pptxgenjs/dist/pptxgen.es.js is not specified and it doesn't parse as CommonJS.
Reparsing as ES module because module syntax was detected. This incurs a performance overhead.
To eliminate this warning, add "type": "module" to /home/lkj/OpenPBL/openPBL/packages/pptxgenjs/package.json.
(Use `node --trace-warnings ...` to show where the warning was created)
通过 isolated-database-migration
通过 isolated-redis-start
通过 isolated-production-build: 复用本次验收构建
通过 isolated-app-start
通过 teacher-register-real-login-cookie
通过 textbook-docx-upload-parse-search-persistence
通过 teacher/textbook-reader
通过 pdf-upload-download-range-and-isolated-storage
失败 resource-package-real-zip-pptx-parse-pdf-confirm-persistence: PATCH /api/courses/b7602ad4-f72b-43e0-aa6b-4a89f49ee20f/resource-package: 422 {"error":"RESOURCE_PACKAGE_PLANNING_ACKNOWLEDGEMENT_REQUIRED","code":"RESOURCE_PACKAGE_PLANNING_ACKNOWLEDGEMENT_REQUIRED","message":"请先核对并确认资源包中的规划问题。"}

422 !== 200

通过 teacher-course-chapter-invite-persistence
通过 teacher-four-activity-types-created
通过 student-invite-register-real-login-cookie
通过 legacy-account-api-explicitly-retired
通过 role-boundaries-and-invalid-activity
通过 student-assignment-submit-reload
通过 student-quiz-submit-reload
通过 student-form-submit-reload
通过 student-resource-submit-reload
通过 student-assignment-browser-edit-reload
通过 student-quiz-browser-edit-reload
通过 student-form-browser-edit-reload
通过 student-resource-browser-edit-reload
通过 teacher-survey-sees-student-submission
通过 teacher-template-version-published-and-persisted
通过 teacher/legacy-template-setup
失败 teacher/live-classroom: locator.waitFor: Timeout 30000ms exceeded.
Call log:
[2m  - waiting for getByText('城市生态调查课堂').filter({ visible: true }).first() to be visible[22m

失败 student/live-classroom: locator.waitFor: Timeout 30000ms exceeded.
Call log:
[2m  - waiting for getByText('城市生态调查课堂').filter({ visible: true }).first() to be visible[22m

通过 classroom-create-start-enter-and-workspace-reload
通过 classroom-artifact-stage-reflection-evaluation-finish
通过 teacher/classes
通过 teacher/course-detail
通过 teacher/students
通过 teacher/survey
通过 teacher/templates
通过 teacher/template-create
通过 teacher/pbl-create
通过 teacher/textbook-library
通过 teacher/experiment
通过 student/courses
通过 student/course-detail
通过 student/profile
通过 student/assignment
通过 student/survey
通过 student/invalid-activity-recovery
通过 student/participation
通过 teacher/participation
通过 teacher/classroom-record
通过 teacher/legacy-classroom-history
通过 student-deep-link-back-forward-new-tab
通过 redirect-/teacher: /teacher/classes
通过 redirect-/teacher/classes/f895744b-bc40-4a3f-81f9-4e3c1e6837a9/access: /teacher/classes/f895744b-bc40-4a3f-81f9-4e3c1e6837a9
通过 redirect-/student: /student/courses/f895744b-bc40-4a3f-81f9-4e3c1e6837a9
通过 anonymous-/teacher/classes-login-return: /teacher/login
通过 anonymous-/student/profile-login-return: /student/login
通过 teacher-and-student-reload-persisted-course
通过 student/reset-password
通过 expired-student-deep-link-redirects-to-login
通过 student-password-reset-invalidates-session-and-relogin
通过 teacher-logout-invalidates-session
